    Waiting for build directory lock
    Waiting for build directory lock
warning: Unused imported module
   ┌─ /home/lewis/src/factory-gleam/test/e2e_worktree_test.gleam:18:1
   │
18 │ import gleeunit
   │ ^^^^^^^^^^^^^^^ This imported module is never used

Hint: You can safely remove it.

warning: Unused private function
    ┌─ /home/lewis/src/factory-gleam/test/hardware_verification_test.gleam:125:1
    │
125 │ fn process_get_stdout(result: process.CommandResult) -> Result(String, String) {
    │ ^^^^^^^^^^^^^^^^^^^^^^^^^^^^^^^^^^^^^^^^^^^^^^^^^^^^^^^^^^^^^^^^^^^^^^^^^^^^^^ This private function is never used

Hint: You can safely remove it.

   Compiled in 0.22s
    Running factory_test.main
[32m.[39m[32m.[39m[32m.[39m[32m.[39m[32m.[39m[32m.[39m[32m.[39m[32m.[39m[32m.[39m[32m.[39m[32m.[39m[32m.[39m[32m.[39m[32m.[39m[32m.[39m[32m.[39m[32m.[39m[32m.[39m[32m.[39m[32m.[39m[32m.[39m[32m.[39m[32m.[39m[32m.[39m[32m.[39m[32m.[39m[32m.[39m[32m.[39m[32m.[39m[32m.[39m[32m.[39m[32m.[39m[32m.[39m[32m.[39m[32m.[39m[32m.[39m[32m.[39m[32m.[39m[32m.[39m[32m.[39m[32m.[39m[32m.[39m[32m.[39m[32m.[39m[32m.[39m[32m.[39m
[1m[31mpanic[39m[22m [90msrc/gleeunit/should.gleam:10[39m
[36m test[39m: cli_integration_test.cli_status_shows_clean_repo_test
[36m info[39m: 
False
should equal
True

[1m[31mpanic[39m[22m [90mtest/cli_integration_test.gleam:218[39m
[36m test[39m: cli_integration_test.cli_log_shows_commits_test
[36m info[39m: jj log failed: error: unexpected argument '--oneline' found
  tip: to pass '--oneline' as a value, use '-- --oneline'
Usage: jj log --revisions <REVSETS> [FILESETS]...
For more information, try '--help'. (code: 2)

[1m[31mpanic[39m[22m [90mtest/cli_integration_test.gleam:243[39m
[36m test[39m: cli_integration_test.cli_commit_records_change_test
[36m info[39m: jj log failed: error: unexpected argument '--oneline' found
  tip: to pass '--oneline' as a value, use '-- --oneline'
Usage: jj log --revisions <REVSETS> [FILESETS]...
For more information, try '--help'. (code: 2)
[32m.[39m[32m.[39m[32m.[39m[32m.[39m[32m.[39m[32m.[39m[32m.[39m[32m.[39m[32m.[39m[32m.[39m[32m.[39m[32m.[39m[32m.[39m[32m.[39m[32m.[39m[32m.[39m[32m.[39m[32m.[39m[32m.[39m[32m.[39m[32m.[39m[32m.[39m[32m.[39m[32m.[39m[32m.[39m[32m.[39m[32m.[39m[32m.[39m[32m.[39m[32m.[39m[32m.[39m[32m.[39m[32m.[39m[32m.[39m[32m.[39m[32m.[39m[32m.[39m[32m.[39m[32m.[39m[32m.[39m[32m.[39m[32m.[39m[32m.[39m[32m.[39m[32m.[39m[32m.[39m[32m.[39m[32m.[39m[32m.[39m[32m.[39m[32m.[39m[32m.[39m[32m.[39m[32m.[39m[32m.[39m[32m.[39m[32m.[39m[32m.[39m[32m.[39m[32m.[39m[32m.[39m[32m.[39m[32m.[39m[32m.[39m[32m.[39m[32m.[39m[32m.[39m[32m.[39m[32m.[39m[32m.[39m[32m.[39m[32m.[39m[32m.[39m[32m.[39m[32m.[39m[32m.[39m[32m.[39m[32m.[39m[32m.[39m[32m.[39m[32m.[39m[32m.[39m[32m.[39m[32m.[39m
[1m[31mpanic[39m[22m [90msrc/gleeunit/should.gleam:10[39m
[36m test[39m: cli_test.help_text_contains_valid_strategies_test
[36m info[39m: 
False
should equal
True
[32m.[39m[32m.[39m[32m.[39m[32m.[39m[32m.[39m[32m.[39m[32m.[39m[32m.[39m[32m.[39m[32m.[39m[32m.[39m[32m.[39m[32m.[39m[32m.[39m[32m.[39m[32m.[39m[32m.[39m[32m.[39m[32m.[39m[32m.[39m[32m.[39m[32m.[39m[32m.[39m[32m.[39m[32m.[39m[32m.[39m[32m.[39m[32m.[39m[32m.[39m[32m.[39m[32m.[39m[32m.[39m[32m.[39m[32m.[39m[32m.[39m[32m.[39m[32m.[39m[32m.[39m[32m.[39m[32m.[39m[32m.[39m[32m.[39m[32m.[39m[32m.[39m[32m.[39m[32m.[39m[32m.[39m[32m.[39m[32m.[39m[32m.[39m[32m.[39m[32m.[39m[32m.[39m[32m.[39m[32m.[39m[32m.[39m[32m.[39m[32m.[39m[32m.[39m[32m.[39m[32m.[39m[32m.[39m[32m.[39m[32m.[39m[32m.[39m[32m.[39m[32m.[39m[32m.[39m[32m.[39m[32m.[39m[32m.[39m[32m.[39m[32m.[39m[32m.[39m[32m.[39m[32m.[39m[32m.[39m[32m.[39m[32m.[39m[32m.[39m[32m.[39m[32m.[39m[32m.[39m[32m.[39m[32m.[39m[32m.[39m[32m.[39m[32m.[39m[32m.[39m[32m.[39m[32m.[39m[32m.[39m[32m.[39m[32m.[39m[32m.[39m[32m.[39m[32m.[39m[32m.[39m[32m.[39m[32m.[39m[32m.[39m[32m.[39m[32m.[39m[32m.[39m[32m.[39m[32m.[39m[32m.[39m[32m.[39m[32m.[39m[32m.[39m[32m.[39m[32m.[39m[32m.[39m[32m.[39m[32m.[39m[32m.[39m[32m.[39m[32m.[39m[32m.[39m[32m.[39m[32m.[39m[32m.[39m[32m.[39m[32m.[39m[32m.[39m[32m.[39m[32m.[39m[32m.[39m[32m.[39m[32m.[39m[32m.[39m[32m.[39m[32m.[39m[32m.[39m[32m.[39m[32m.[39m[32m.[39m[32m.[39m[32m.[39m[32m.[39m[32m.[39m[32m.[39m[32m.[39m[32m.[39m[32m.[39m[32m.[39m[32m.[39m[32m.[39m[32m.[39m[32m.[39m[32m.[39m[32m.[39m[32m.[39m[32m.[39m[32m.[39m[32m.[39m[32m.[39m[32m.[39m[32m.[39m[32m.[39m[32m.[39m[32m.[39m[32m.[39m[32m.[39m[32m.[39m[32m.[39m[32m.[39m[32m.[39m[32m.[39m[32m.[39m[32m.[39m[32m.[39m[32m.[39m[32m.[39m[32m.[39m
[1m[31mpanic[39m[22m [90msrc/gleeunit/should.gleam:10[39m
[36m test[39m: e2e_worktree_test.e2e_worktree_creation_and_cleanup_test
[36m info[39m: 
False
should equal
True
[32m.[39m[32m.[39m[32m.[39m[32m.[39m[32m.[39m[32m.[39m[32m.[39m[32m.[39m[32m.[39m[32m.[39m[32m.[39m[32m.[39m[32m.[39m[32m.[39m[32m.[39m[32m.[39m[32m.[39m[32m.[39m[32m.[39m[32m.[39m[32m.[39m[32m.[39m[32m.[39m[32m.[39m[32m.[39m[32m.[39m[32m.[39m[32m.[39m[32m.[39m[32m.[39m[32m.[39m[32m.[39m[32m.[39m[32m.[39m[32m.[39m[32m.[39m[32m.[39m[32m.[39m[32m.[39m[32m.[39m[32m.[39m[32m.[39m[32m.[39m[32m.[39m[32m.[39m[32m.[39m[32m.[39m[32m.[39m[32m.[39m[32m.[39m[32m.[39m[32m.[39m[32m.[39m[32m.[39m[32m.[39m[32m.[39m[32m.[39m[32m.[39m[32m.[39m[32m.[39m[32m.[39m[32m.[39m[32m.[39m[32m.[39m[32m.[39m[32m.[39m[32m.[39m[32m.[39m[32m.[39m[32m.[39m[32m.[39m[32m.[39m[32m.[39m[32m.[39m[32m.[39m[32m.[39m[32m.[39m[32m.[39m[32m.[39m[32m.[39m[32m.[39m[32m.[39m[32m.[39m[32m.[39m[32m.[39m[32m.[39m[32m.[39m[32m.[39m[32m.[39m[32m.[39m[32m.[39m[32m.[39m[32m.[39m[32m.[39m[32m.[39m[32m.[39m[32m.[39m[32m.[39m[32m.[39m[32m.[39m[32m.[39m[32m.[39m[32m.[39m[32m.[39m[32m.[39m[32m.[39m[32m.[39m[32m.[39m[32m.[39m[32m.[39m[32m.[39m[32m.[39m[32m.[39m[32m.[39m[32m.[39m[32m.[39m[32m.[39m[32m.[39m[32m.[39m[32m.[39m[32m.[39m[32m.[39m[32m.[39m[32m.[39m[32m.[39m[32m.[39m[32m.[39m[32m.[39m[32m.[39m[32m.[39m[32m.[39m[32m.[39m[32m.[39m[32m.[39m[32m.[39m[32m.[39m[32m.[39m[32m.[39m[32m.[39m[32m.[39m[32m.[39m[32m.[39m[32m.[39m[32m.[39m[32m.[39m[32m.[39m[32m.[39m[32m.[39m[32m.[39m[32m.[39m[32m.[39m[32m.[39m[32m.[39m[32m.[39m[32m.[39m[32m.[39m[32m.[39m[32m.[39m[32m.[39m[32m.[39m[32m.[39m[32m.[39m[32m.[39m[32m.[39m[32m.[39m[32m.[39m[32m.[39m[32m.[39m[32m.[39m[32m.[39m[32m.[39m[32m.[39m[32m.[39m[32m.[39m[32m.[39m[32m.[39m[32m.[39m[32m.[39m[32m.[39m[32m.[39m[32m.[39m
[1m[31mpanic[39m[22m [90msrc/gleeunit/should.gleam:10[39m
[36m test[39m: heartbeat_test.tick_updates_status_to_green_when_tests_pass_test
[36m info[39m: 
Red
should equal
Green
[32m.[39m[32m.[39m
[1m[31mpanic[39m[22m [90mtest/heartbeat_test.gleam:99[39m
[36m test[39m: heartbeat_test.transition_from_red_to_green_broadcasts_test_passing_test
[36m info[39m: Expected TestPassing signal on Red->Green transition

[1m[31mpanic[39m[22m [90mtest/heartbeat_test.gleam:127[39m
[36m test[39m: heartbeat_test.no_signal_broadcast_when_status_unchanged_green_test
[36m info[39m: Expected no signal when status unchanged
[32m.[39m[32m.[39m[32m.[39m[32m.[39m[32m.[39m[32m.[39m[32m.[39m[32m.[39m[32m.[39m[32m.[39m[32m.[39m[32m.[39m[32m.[39m[32m.[39m[32m.[39m[32m.[39m[32m.[39m[32m.[39m[32m.[39m[32m.[39m[32m.[39m[32m.[39m[32m.[39m[32m.[39m[32m.[39m[32m.[39m[32m.[39m[32m.[39m[32m.[39m[32m.[39m[32m.[39m[32m.[39m[32m.[39m[32m.[39m[32m.[39m[32m.[39m[32m.[39m[32m.[39m[32m.[39m[32m.[39m[32m.[39m[32m.[39m[32m.[39m[32m.[39m[32m.[39m[32m.[39m[32m.[39m[32m.[39m[32m.[39m[32m.[39m[32m.[39m[32m.[39m[32m.[39m[32m.[39m[32m.[39m[32m.[39m[32m.[39m[32m.[39m[32m.[39m[32m.[39m[32m.[39m[32m.[39m[32m.[39m[32m.[39m[32m.[39m[32m.[39m[32m.[39m[32m.[39m[32m.[39m[32m.[39m[32m.[39m[32m.[39m[32m.[39m[32m.[39m[32m.[39m[32m.[39m[32m.[39m[32m.[39m[32m.[39m[32m.[39m[32m.[39m[32m.[39m[32m.[39m[32m.[39m[32m.[39m[32m.[39m[32m.[39m[32m.[39m[32m.[39m[32m.[39m[32m.[39m[32m.[39m[32m.[39m[32m.[39m[32m.[39m[32m.[39m[32m.[39m[32m.[39m[32m.[39m[32m.[39m[32m.[39m[32m.[39m[32m.[39m[32m.[39m[32m.[39m[32m.[39m[32m.[39m[32m.[39m[32m.[39m[32m.[39m[32m.[39m[32m.[39m[32m.[39m[32m.[39m[32m.[39m[32m.[39m[32m.[39m[32m.[39m[32m.[39m[32m.[39m[32m.[39m[32m.[39m[32m.[39m[32m.[39m[32m.[39m[32m.[39m[32m.[39m[32m.[39m[32m.[39m[32m.[39m[32m.[39m[32m.[39m[32m.[39m[32m.[39m[32m.[39m[32m.[39m[32m.[39m[32m.[39m
[1m[31mpanic[39m[22m [90msrc/gleeunit/should.gleam:10[39m
[36m test[39m: persistence_test.update_stage_status_appends_stages_test
[36m info[39m: 
False
should equal
True
[32m.[39m[32m.[39m[32m.[39m[32m.[39m[32m.[39m[32m.[39m[32m.[39m[32m.[39m[32m.[39m[32m.[39m[32m.[39m[32m.[39m[32m.[39m[32m.[39m[32m.[39m[32m.[39m[32m.[39m[32m.[39m[32m.[39m[32m.[39m[32m.[39m[32m.[39m[32m.[39m[32m.[39m[32m.[39m[32m.[39m[32m.[39m[32m.[39m[32m.[39m[32m.[39m[32m.[39m[32m.[39m[32m.[39m[32m.[39m[32m.[39m[32m.[39m[32m.[39m[32m.[39m[32m.[39m[32m.[39m[32m.[39m[32m.[39m[32m.[39m[32m.[39m[32m.[39m[32m.[39m[32m.[39m[32m.[39m[32m.[39m[32m.[39m[32m.[39m[32m.[39m[32m.[39m[32m.[39m[32m.[39m[32m.[39m[32m.[39m[32m.[39m[32m.[39m[32m.[39m[32m.[39m[32m.[39m[32m.[39m[32m.[39m[32m.[39m[32m.[39m[32m.[39m[32m.[39m[32m.[39m[32m.[39m[32m.[39m[32m.[39m[32m.[39m[32m.[39m[32m.[39m[32m.[39m[32m.[39m[32m.[39m[32m.[39m[32m.[39m[32m.[39m[32m.[39m[32m.[39m[32m.[39m[32m.[39m[32m.[39m[32m.[39m[32m.[39m[32m.[39m[32m.[39m[32m.[39m[32m.[39m[32m.[39m[32m.[39m[32m.[39m[32m.[39m[32m.[39m[32m.[39m[32m.[39m[32m.[39m[32m.[39m[32m.[39m[32m.[39m[32m.[39m[32m.[39m[32m.[39m[32m.[39m[32m.[39m[32m.[39m[32m.[39m[32m.[39m[32m.[39m[32m.[39m[32m.[39m[32m.[39m[32m.[39m[32m.[39m[32m.[39m[32m.[39m[32m.[39m[32m.[39m[32m.[39m[32m.[39m[32m.[39m[32m.[39m[32m.[39m[32m.[39m[32m.[39m[32m.[39m[32m.[39m[32m.[39maaaaaaaaaaaaaaaaaaaaaaaaaaaaaaaaaaaaaaaaaaaaaaaaaaaaaaaaaaaaaaaaaaaaaaaaaaaaa> aaaaaaaaaaaaaaaaaaaaaaaaaaaaa> aaaaaaaaaaaaaaaaaaaaa> aaaaaaaaaaaaaaaaaaaaaaaaaaaaaaaaaaaa> aaaaaaaaaaaaaaaaaaaaaaaaaaaaaaaaaaaaaaaaaaaaaaaaaaaaaaaaaaaaaaaaaaaaaaaaaaaaaaaaaaaaaa> a> aaaaaaaaaaaaaaaaaaaaaaaaaaaaaaaaaaaaaaaaaaaaaaaaaaaaaaaaaaaaaaaaaaaaaaaaaaaaaaaaaaaaaaaaaaaaaaaaaaa> aaaaaaaaaaaaaaaaaaaaaaa> aaaaaaaaaaaaaaaaaaaaaaaaaaaaaaaaaaaaaaaaaaaaaaaaaaaaaaaaaaaaaaaaaaaaaaaaaaaaaaaaaaaaaaaaaaa> aaaaaaaaaaaaaaaaaaaaaaaaaaaaaaaaaaaaa> aaaaaaaaaaaaaaaaaaaaaaaaaaaaaaaaaaaaaaaaaaaaaaaaaaaaaaaaaaaaaaaaaaaaaaa> aaaaaaaaaaaaaaaaaaaaaaaaaaaaaaaaaaaaaaaaaaaaaaaaaaaaaaaaaaaaaaaaaaaaaaaaaaaaaaaaaaaaaaaaa> aaaaaaaaaaaaaaaaaaaaaaaaaaaaaaaaaaaaaaaaaaaaaaaaaaaaaaaaaaaaaa> aaaaaaaaaaaaaaaaaaaaaaaaaaaaaaaaaaaaaaaaaaaaaaaaaaaaa> aaaaaaaaaaaaaaaaaaaaaaaaaaaaaaaaaaaaaaaaaaaaaaaaaaaaaaaaaaaaaaaaaaaaaaaaaaaaaaaaaaaaaaaaa> aaaaaaaaaaaaaaaaaaaaaaaaaaaaaaaaaaaa> aaaaaaaaaaaaaaaaaaaaaaaaaaaaaaaaaaaaaaaaaaaaaaaaaaaaaaaaaaaaaaaaaaaaaaa> aaaaaaaaaaaaaaaaaaaaaaaaaaaaaaaaaaaaaaaaaa> aaaaaaaaaaaaaaaaaaaaaaaaaaaaaaaaaaaaaaaaaaaaaaaaaaaaaaaaaaaaaaaaaaaaaaaaaaaaaaaaaaaaaaaaaaaaaa> aa> aaaaaaaaaaaaaaaaaaaaaaaaaaaaaaaaaaaaaaaaa> aaaaaaaaaaaaaaaaaaaaaaaaaaaaaaaaaaaaaaaaaaaaaaaaaaaaaaaaaaaaaaaaaaaaaaaaaaaaaaaaaaaaaaaaaaaaaaaaa> aaaaaaaaaaaaaaaaaaaaaaaaaaaaaaaaaaaaaaaaaaaaaaaaaaaaaaaaaaaaaaaaa> aaaaaaaaaaaaaaaaaaaaaaaaaaaaaaaaaaaaaaaaaaaaaaaaaaaaaaaaaaaaaaaaaaaa> aaaaaaaaaaaaaaaaaaaaaaaaaaaaaaaaaaaaaaaaaaaaaaaaaaaaaaaa> aaaaaaaaaaaaaaaaaaaaaaaaaaaaaaaaaaaaaaaaaaaaaaaaaaaaaaaaaaaaaaaaaaaaaaaaaa> aaaaaaaaaaaaaaaaaaaaaaaaaaaaaaaaaaaaaaaaaaaaaaaaaaaaaaaaaaaaaaaaaaaaaaaaaa> aaaaaaaaaaaaaaaaaaaaaaaaaaaaaaaa> aaaaaaaaaaaaaaaaaaaaaaaaaaaaa> aaaaaaaaaaaaaaaaaaaaaaaaaaaaaaaaaaaaaaaaaaaaaaaaaaaaaaaaaaaaaaaaaaaaaaaaaaaaaaaaaaaaaaaaaaaaaaaaaa> aaaaaaaaaaaaaaaaaaaaaaaaaaaaaaaaaaaaaaaaaaaaaaa> aaaaaaaaaaaaaaaaaaaaaaaa> aaaaaaaaaaaaaaaaaaaaaaaaaaaaaaaaaaaaaaaaaaaaaaaaaa> aaaaaaaaaaaaaaaaaaaaaaaaaaaaaaaaaaaaaaaaaaaaaaaaaaaaaaaaaaaa> aaaaaaaaaaaaaaaaaaaaaaaaaaaaaaaaaaaaaaaaaaaaaaaaaaaa> aaaaaaaaaaaaaaaaaaaaaaaaaaaaaaaaaaaaaaaaaaaaaaa> aaaaaaaaaaaaaaaaaaaaaaaaaaaaaaaaaaaaaaaaaaaaaaaaaaaaaaaaaaaaaaaaaaaaaaaaaaaaaa> aaaaaaaaaaaaaaaaaaaaaaaaaaaaaaaaaa> aaaaaaaaaaaaaaaaaaaaaaaaaaaaaaaaaaaaaaaaaaaaaaaaaaaaaaaaaaaaaaaaaaaaaaaaaaaaaaaa> aaaaaaaaaaaaaaaaaaaaaaaaaaaaaaaaaaaaaaaaaaaa> aaaaaaaaaaaaaaaaaaaaaaaaaaaaaaaaaaaaaaaaaaaaaaaaaaaaaaaaaaaaaa> aaaaaaaaaaaaaaaaaaaaaaa> aaaaaaaa> aaaaaaaaaaaaaaaaaaaaaaaaaaaaaaaaaaaaaaaaaaaaaaa> aaaaaaaaaaaaaa> aaaaaaaaaaaaaaaaaaaaaaaaaaaa> aaaaaaaaaaaaaaaaaaaaaaaaaaaaaaaaaaaaaaaaaaaaaaaaaaaaaaaa> aaaaaaaaaaaaaaaaaaaaaaaaaaaa> aaaaaaaaaaaaaaaaaaaaaaaaaaaaaaaaaaaaaaaaaaaaaaaaaaaaaaaaaaaaa> aaaaaaaaaaaaaaaaaaaaaaaaaaaaaaaaaaaaaaaaaaaaaaaaaaaa> aaaaaaaaaaaaaaaaaaaaaaaaaaaaaaaaaaaaaaaaaaaaaaaa> aaaaaaaaaaaaaaaaaaaaaaaaaaaaaaaaaaaaaaaaaaaaaaaaaaaaaaaaaaaaaaaaaaaaaa> aaaaaaaa> aaaaaaaaaaaaaaaaaaaaaaaaaaaaaaaaaaaaaaaaaaaaaaaaaaaaaaaaaaaaaaaaaaaaaaaaaaaaaaaaaaaaa> aaaaaaaaaaaaaaaaaaaaaaaaaaaaa> aaaaaaaaaaaa> aaaaaaaaaaaaaaaaaaaaaaaaaaaaaaaaaaaaaaaaaaaaaaaaaaaaaaaaaaaaaaaaaaaaaaaaaaaaaaaaaaaaa> aaaaaaaaaaaaaaaaaaaaaaaaaaaaaaaaaaaaaaaaaaaaaaaaaaaaaaaaaaaaaaaaaaaaaaaaa> aaaaaaaaaaaaaaaaaaaaaaaaaaaaaaaaaaaaaaaaaaaaaaaaaaaaaaaa> aaaaaaaaaaaaaaaaaaaaaaaaaaaaaaaaaaaaaaaaaaaaaaaaaaaaaaaaaaaaaaa> aaaaaaaaaaaaaaaaaaaaaaaaaaaaaaaaaaaaaaaaaa> aaaaaaaaaaaaaaaaaaaaaaaaaaaaaaaaaaaaaaaaaa> aaaaaaaaaa> aaaaaaaaaaaaaaaaaaaaaaaaaaaaaaaaaaaaaaaaaaaaaaaaaaaaaaaaaaaaaaaaaaaaaaaa> aaaaaaaaaaaaaaaaaaaaaaaaaaaaaa> aaaaaaaaaaaaa> aaaaaaaaaaaaaaaaaaaaaaaaaaaaaaaaaaaaaaaaaaaaaaaaaaaaaaaaaaaaaa> aaaaaaaaaaaaaaaaaaaaaaaaaaaaaaa> aaaaaaaaaaaaaaaaaaaaaaaaaaaaaaaaaaaaaa> aaaaaaaaaaaaaaaaaaaaaaaaaaaaaaaaaaaaaaaaaaaaaaaaaaaaaaaaaaaaaaaaaaaaaaaaaaaaaaaaaaaaaaaaaa> aaaaaaaaaaaaaaaaaaaaaaaaaaaaaaaaaaaaaaaaaaaaaaaaaaaaaaaaaaaaaaaaaaaaaaaaaaaaaaaaaaaaaaa> aaaaaaaaaaaaaaaaaaaaaaaaaaaaaaaaaaaaaaaaaaaaaaaaaaaaaaaaaaaaaaaaaaaaaaaaaaaaaaaaaaaaaaaaaaa> aaaaaaaaaaa> aaaaaaaaaaaaaaaaaaaaaaaa> aaaaaaaaaaaaaaaaaaaaaaaaaaaaaaaaaaaaaaaaaaaaaaaaaaaaaaaaaaaaaaaaaaaaaaaaaaa> aaaaaaaaaaaaaaaaaaaaaaaaaaaaaaaaaaaaaaaaaaaaaaaaaaaaaaaaaaaaaaaaaaaaaaaaaaa> aaaaaaaaaaaaa> aaaaaaaaaaaaaaaaaaaaaaaaaaaaaaaaaaaaaaaaaaaaaaaaaaaaaa> aaaaaaaaaaaaaaaaaaaaaaaaaaaaaaaaaaaaaaaaaaaa> aaaaaaaaaaaaaaaaaaaaaaaaaaaaaaaaaaaaaaaaaaaaaaaaaaaaaaaaaaaaaaaaaaaaaaaaaaaaaaaaaaaaaaaaaaaaaaaa> aaaaaaa> aaaaaaaaaaaaaaaaaaaaaaaaaaaaaaaaaaaaaaaaaaaaaaaaaaaaaaaaaaaaaaaaaaaaaaaaaaaaaaaaaaaaaaaaaaaaaaaaaaa> aaaaaaaaaaaaaaaaaaaaaaaaaaaaaaaaaaaaaaaaaaaaaaaaaaaaaaaaa> aaaaaaaaaaaaaaaaaaaaa> aaaaaaaaaaaaaaaaaaaaaaaaaaaaaaaaaaaaaaaaaaaaaaaaaaaaaaaaaaaaaaaaaaaaaaaaaaaaa> aaaaaaaaaaaaaaaaaaaaaaaaaaaaaaaaaaaaaaaaaaaaaaaaaaaaaaaaaaaaaaaaa> aaaaaaaaaaaaaaaaaaaaaaaaaaaaaaaaaaa> aaaaaaaaaaaaaaaaaaaaaaaaaaaaaaaaaaaaaaaaaaaaaaaaaa> aaaaaaaaaaaaaaaaaaaaaaaaaaaaaaaaaaaaaaaaaaaaaaaaaaaaaaaaaaaaaaaaaaaaaaaaaaaaaaa> aaaaaaaaaaaaaaaaaaaaaaaaaaaaaaaaa> aaaaaaaaaaaaaaaaaaaaaaaaaaaaaaaaaaaaaaaaaaaaaaaaaaaaaaaaaaaaaaaaaaaaaaaaaaaaaaaaaaaaaaaaaaaaaaaaaaa> aaaaaaaaaaaaaaaaaaaaaaaaaaaaaaaaaaaaaaaaaaaaaaaaaaaaaaaa> aaaaaaaaaaaaaaaaaaaaaaaaaaaaaaaaaaaaaaaaaaaaaaaaaaaaaaaaaaaaaaaaaaaaaaaaaaaaaaaaaaaaaaaaaaaaaaaaa> aaaaaaaaaaaaaaaaaaaaaaaaaaaaaaaaaaaaaaaaaaaaaaaaaaaaaaaaaa> aaaaaaaaaaaaaaaaaaaaaaaaaaaaaaaaaaaaaaaaaaaaaaaaaaaaaaaaaaaaaaaaaaaaaaaaaaaaaaaaaaaaa> aaaaaaaaaaaaaaaaaaaaaaaaaaaaaaaaaaaaaaaaaaaaaaaaaaaaaaaaaaaaaaaaaaaaaaaaaaaaaaaaaaaaaaaaaaaaaaaaaa> aaaaaaaaaaaaaaaaaaaaaaaaaaaa> aaaaaaaaaaaaaaaaaaaaaaaaaaaaaaaaaaaaaaaaaaaaaaaaaaaaaaaaaaaaaaaaaaa> aaaaaaaaaaaaaaaaaaaaaaaaaaaaaaaaaaaaa> aaaaaaaaaaaaaaaaaaaaaaaaaaaaaaaaaaaaaaaaaaaaaaaa> aaaaaaaaaaaaaaaaaaaaaaaaaaaaaaaaaaaaaaaaa> aaaaaaaaaaaaaaaaaaaaaaaaaaaaaaaaaaaaaaaaaaaaaaaaaaaaaaaaaaaaaaaaaa> aaaaaaaaaaaaaaaaaaaaaaaaaaaaaaaaaaaaaaaaaaaaaaaaaaaaaaaaaaaaaaaaaaaaaaaaaaaaaaaaaaaaaaaaaaaa> aaaaaaaaaaaaaaaaaaaaaaaaaaaaaaaaaaaaaaaaaaaaaaaaaaaaaaaaaaaaaa> aaaaaaaaaaaaaaaaaaaaaaaaaaaaaaaaaaaaaaaaaaaa> aaaaaaaaaaaaaaaaaaaaaaaaaaaaaaaaaaaaaaaaaaaaaaaaaaaaaaaaaaaaaaaaaaaaaaaaaaaaaaaaaaaa> aaaaaaaaaaaaaaaaaaaaaaaaaaaaaaaaaaaaaaaaaaaaaaa> aaaaaaaaaaaaaaaaaaaa> aaaaaaaaaaaaaaaaaaaaaaaaaaaaaaaaaaaaaaa> aa> aaaaaaaaaaaaaaaaaaaaaaaaaaaaaaaaaaaaaaaaaaaaaaaaaaaaaaaaaaaaaaaaaaaaaaaaaaaaaaaa> aaaaaaaaaaaaaaaaaaaaaaaaaaaaaaaaaaaaaaaaaaaaaaaaaaaaaaaaaaaaaaaaaaaaaaaaaaaaaaaaaaaaaaaaaaaaaa> aaaaaaaaaaaaaaaaaaaaaaaaaaaaaaaaaaaaaaaaaaaaaaaaaaaaaaaaaaaaaaaaaaaaaaa> aaaaaaaaaaaaaaaaaaaaaaaaaaa> aaaaaaaaaaaaaaaaaaaaaaaaaaaaaaaaaaaaaaaaaaaaaaaaaaaaaaaaaaaaaaaaaaaaaaaaaaaaaaaaaaaaaaa> aaaaaaaaaaaaaaaaaaaaaaaaaaaaaaaaaaaaaaaaaaaaaaaaaaaaaa> aaaaaaaaaaaaaa> aaaaaaaaaaaaaaaaaaaaaaaaaaaaaaaaaaaaaaaaaaaaaaaaaaaaaaaaaaaaaaaaaaaa> aaaaaaaaaaaaaaaaaaaaaaaaaaaaaaaaaaaaaaa> a> aaaaaaaaaaaaaaaaaaaaaaaaaaaaaaaaaaaaaaaaaaaaaaaaaaaaaaaaaaaaaaaaaaaaaaaa> aaaaaaaaaaaaaaaaaaaaaaaaaaaaaaaaaaaaaaaa> aaaaaaaaaaaaaaaaaaaaaaaaaaaaaaaaaaaaaaaaaaaaaaaaaaaaaaaaaaaa> aaaaaaaaaaaaaaaaaaaaaaaaaaaaaaaaaaaaa> aaaaaaaaaaaaaaaaaaaaaaaaaaaaaaaaaaaaaaaaa> aaaaaaaaaaaaaaaaaaaaaaaaaaaaaaaaaaaaaaaaaaaaaaaaaaaaaaaaaaaaaaaaaaaa> aaaaaaaaaaaaaaaaaaaaaaaaaaaaaaaaaaaaaaaaaaaaaaaaaaaaaaaaaaaaaaaaaaaaaaaaaaaa> aaaaaaaaaaaaaaaaaaaaaaaaaaaaaaaaaaaaaaaaaaaaaaaaaaaaaaaaaaaaaaaaaaaaaaaaaa> aaaaaaaaaaaaaaaaaaaaaaaaaaaaaaaaaaaaaaaaaaaaaaaaaaaaaaaaa> aaaaaaaaaaaaa> aaaaaaaaaaaaaaaaaaaaaaaaaaaaaaaaaaaaaaaaaaaaaaaaaaaaaaaaaaaaaaaaaaaaaaaaaaaaaaaaaaaaaaaa> aaaaaaaaaaaaaaaaaaaaaaaaaaaaaaaaaaaaaaaaaaaaaaaaaaaaaaaaaa> aaaaaaaaaaaaaaaaaaaaaaaaaaaaaaaaaaaaaaaaaaaaaaaaaaaaaaaaaaaaaaa> aaaaaaaaaaaaaaaaaaaaaaaaaaaaaaaaaaaaaaaaaaaaaaaaaaaaaaaaa> aaaaaaaaaaaaaaaaaaaaaaaaaaaaaaaaaaaaaaaaaaaaaaaaaaaaaaaaaaaaaaaaaaaaaaaaaaaaaaaaaaaaaaaaaaaaaaa> aaaaaaaaaaaaaaaaaaaaaaaaaaaaaaaaaaaaaaaaaaaaa> aaaaaaaaaaaaaaaaaaaaaaaaaaaaaaaaaaaaaaaaaaaaaaaaaaaaaaaaaaaaaaaaaaaaaaaaaaaaaaaaaaaaaaaaa> aaaaaaaaaaaaaaaaaaaaaaaaaaaaaaaaaaaaaaaaaaaaaaaaaaaaaaaaaaaaaaaaaaaa> aa> aaaaaaaaaaaaaaaaaaaaaaaaaaaaaaaaaaaaaaaaaaaaaaaaaaaaaaaaaaaaaaaaaaaaaaaaaaaaaaaaaaaaaaaaaaaa> aaaaaaaaaaaaaaaaaaaaaaaaaaaaaaaaaaaaaaaaaaaaaaaaaaaaaaaaaaaaaaaaaaaaaaa> aaaaaaaaaaaaaaaaaaaaaaaaaaaaaaaaaa> aaaaaaaaaaaaaaaaaaaaaaaaaaaaaaaaaaaaaaaaaaaaaaaaaa> aaaaaaaaaaaaaaaaaaaaaaaaaaaaaaaaaaaaaaaaaaaaaaaaaa> aaaaaaaaaaaaaaaaaaaaaaaaaaaaaaaaaaaaaaaaaaaaaaaaaaaaaaaaaaaaaaaaaaaaaaaaaaaaaaaaaaaaa> aaa> aaaaaaaaaaaaaaaaaaaaaaaaaaaaaaaaaaaaaaaaaaaaaaaaaaaaaaaaaaaaaaaaaaa> aaaaaaaaaaaaaaaaaaaaaaaaaaaaaaaaaaaaaaaaaaaa> aaaaaaaaaaaaaaaaaaaa> aaaaaaaaaaaaaaaaaaaaaaaaaaaaaaaaaaaaaaaaaaaa> aaaaaaaaaaaaaaaaaaaaaaaaaaaaaaaaaaa> aaaaaaaaaaaaaaaaaaaaaaaaaaaaaaaaaaaaaaaaaaaaaaaaaaaaaaaaaaaaaaaaaaaaaaaaaaaaaaaaaaaaaaaaaaaaaaaa> aaaaaaaaaaaaaaaaaaaaaaaa> aaaaaaaaaaaaaaaaa> aaaaaaaaaaaaaaaaaaaaaaaaaaaaaaaaaaaaaaaaaaaaaaaaaaaaaaaaaaaaaaaaaaaaaaaaaaaaaaaaaaaaaa> aaaaaaaaaaaaaaaaaaaaaaaaaaaaaaaa> aaaaaaaaaaaaaaaaaaaaaaaaaaaaaaaaaaaaaaaaaaaaaaaaaaaaaaaaaaaaaaaaaaaaaaaaaaaaaaaaaaaaaa> aaaaaaaaaaaaaaaaaaaaaaaaaaaaaaaa> aaaaaaaaaaaaaaaaaaaaaaaaaaaaaaaaaaaaaaaaa> aaaaaaaaaaaaaaaaaaaaaaaaaaaaaaaaaaaaaaaaaaaaaaaaaaaaaaaaaaaaaaaaaaaaaaaaaaaaaaaaaaaaaaaaaaaaa> aaaaaaaaaaaaaaaaaaaaaaaaaaaaaaaaaaaaaaaaaaaaaaaaaaaaaaaaaaaaaa> aaaaaaaaaaaaaaaaaaaaaaaaaaaaa> aaaaaaaaaaaaaaaaaaaaa> aaaaaaaaaaaaaaaaaaaaaaaaaaaaaaaaaaaaaaaaaaaaaaaaaaaaaaaaaaaaaaaaaaaaaaaaaaaaaaaaaa> aaaaaaaaaaaaaaaaaaaaaaaaaaaaaaaa> aaaaaaaaaaaaaaaaaaaaaaaaaaaaaaaaaaaaaaaaaaaaaaaaaaaaaaaaaaaaaaaaaaaaaaaaaaa> aaaaaaaaaaaaaaaaaaaaaaaaaaaaaaaaaaaaaaaaaaaaaaaaaaaaaaaaaaaaaaaaaaaaa> aaaaaaaaaaaaaaaaaaaaaaaaaaaaaaaaaa> aaaaaaaaaaaaaaaaaaaaaaaaaaaaaaaaaaaaaaaaaaaaaaaaaaaa> aaaaaaaaaaaaaaaaaaaaaaaaaaaaaaaaaaaaaaaaaaaaaaaaa> aaaaaaaaaaaaaaaaaaaaaaaaaaaaaaaaaaaaaaaaaaaaaaaaaaaaaaaaaaaaaaaaaaaaaaaaaaaaaaaaaaaaaaaaaaaa> aaaaaaa> aaaaaaaaaaaaaaaaaaaaaaaaaaaaaaaaaaaaaaaaaa> aaaaaaaaaaaaaaaaaaaaaaaaaaaaaaaaaaaaaaaaaaaaaaaaaaaaaaaaaaa> aaaaaaaaaaaaaaaaaaaaaaaaaaaaaaaaaaaa> aaaaaaaaaaaaaaaaaaaaaaaaaaaaaaaaaaaaaaaaaaaaaaaaaaaaaaaaaaaaaaaaaaaa> aaaaaaaaaaaaaaaaaaaaaaaaaaaaaaaaaaaaaaaaaaaaaaaaaaaaaa> aaaaaaaaaaaaaaaaaaaaaaaaaa> aaaaaaaaaaaaaaaaaaaaaaaaaaaaaaaaaaaaaaaaaaaaaaaaaaaaaaaaaaaaaaaaaaaaaaaaa> aaaaaaaaaaaaaaaaaaaaaaaaaaaaaaaaaaaa> aaaaaaaaaaaaaaaaaaaaaaaaaaaaaaaaaaaaa> aaaaaaaaaaaaaaaaaaaaaaaaaaaaaaaaaaaaaaaaaaaaaaaaa> aaaaaaaaaaaaaaaaaaaaaaaaaaaaaaaaaaaaaaaaaaaaaaaaaaaaaaaaaaaaa> aaaaaaaaaaaaaaaaaaaaaaaaaaaaaaaaaaaaaaaaaaaaaaaaaaaaaaaaaaaaaaaaaaaaaaaaaaa> aaaaaaaaaaaaaaaaaaaaaaaaaaaaaaaaaaaaaaaaaaaaaaaaaaaaaaaaaaaaaaaaaaaaaaaaaaaaaaaaaaaaaaaaa> aaaaaaaaaaaaaaaaaaaaaaaaaaaaaaaaaaaaaaaaaaaaaaaaaaaaaaaaaa> aaaaaaaaaaaaaaaaaaaaaaaaaaaaaaaaaaaaaaaaaaaaaaaaaaaaaaaaaaaaaaaaaaaaaaaaaaaaaaaaaaa> aaaaaaaaaaaaaaaaaaaaaaaaaaaaaaaaaaaaaaaaaaaaaaaaaaaaaaaa> aaaaaaaaaaaaaaaaaaaaaaaaaaaaaaaaaaaaaaaaaaaaaaaaaaaaaaaaaaaaaaa> aaaaaaaaaaaaaaaaaaaaa> aaaaaaaaaaaaaaaaaaaaaaa> aaaaaaaaaaaaaaaaaaaaaaaaaaa> aaaaaaaaaaaaaaaaaaaaaaaaaaaaaaaaaaaaaaaaaaaaaaaaaaaaaaaaaaaaaaaaaaaa> aaaaaaaaaaaaaaaaaaaa> aaaaaaaaaaaaaaaaaaaaaaaaaaaaaaaaaaaaaaaaaaaaaaaaaaaaaaaaa> aaaaaaaaaaaaaaaaaaaaaaaaaaaaaaaaaaaaaaaaaaaaaaaa> aaaaaaaaaaaaaaaaaaaaaaaaaaaaaaaaaaaaaaaaaaaaaaaaaaaaaaaaaaaaaaaaaaaaaaaaaaaaaaaaaaaaaaaaaaaaaaaaaaa> aaaaaaaaaaaaaaaaaaaaaaaaaaaaaaaaaaaaaaaaaaaaaaaaaaaa> aaaaaaaaaaaaa> aaaa> aaaaaaaaaaaaaaaaaaaaaaaaaaaaaaaaaaaaaaaaaaaaaaaaaaaaaaaaaaaaaaaaaaaaaaaaaaaaaaaaaaaaaaa> aaaaaaaaaaaaaaaaaaaaaaaaaaaaaaaaaaaaaaaaaaaaaaaaaaaaaaaaaaaaaaaaaaaaaaaaaaaaaaaaaaaaaaaaaaa> aaaaaaaaaaaaaaaaaaaaaaaaaaaaaaaaaaaaaaaa> aaaaaaaaaaaaaaaaaaaaaaaaaaaaaaaaaaaaaaaaaaaaaaaaaaaaaaaaaaaaaaaaaaaaaaaaaaaaaaaaaaaaaaaa> aaaaaaaaaaaaaaaaaaaaaaaaaaaaaaaaaa> a> aaaaaaaaaaaaaaaaaaaaaaaaaaaaaaaaaaaaaaaaaaaaaaaaaaaaaaaaaaaaaaaaaaaaaaaaaaaaaaaaaaaaaaaa> aaaaaaaaaaaaaaaaaaaaaaaaaaaaaaaaaaaaaaaaaaaaaaaaaaaaaaaaaaaaaaaaaaaaaaaaaaaaaaaaaaa> aaaaaaaaaaaaaaaaaaaaaaaaaaaaaaaaaaaaaaaaaaaaaaaaaaaaaaaaaaaaaaaaaa> aaaaaaaaaaaaaaaaaaaaaaaaaaaaaaaaaaaaaaaaaaaaaaaaaaaaaaaaaaaaaaaaaaa> aaaaaaaaaaaaaaaaaaaaaaaaaaaaaaaaaa> aaaaaaaaaaaaaaaaaaaaaaaaaaaaaaaaaaaaaaaaaaaaaaaaaaaaaaaaaaaaaaaaaaaaaaaaaaaaaa> aaaaaaaaaaaaaaaaaaaaaaaaaaaaaaaaaaaaaaaaaaaaaaaaaaaaaaaaaaaaaaaaaa> aaaaaaaaaaaaaaaaaaaaaaaaaaaaaaaaaaaaaaaaaaaaaaaaaaaaaaaaaaaaaaaaaaaaaaaaaaaaa> aaaaaaaaaaaaaaaaaaaaaaaaaaaaaaaaaaaaaaaaaa> aaaaaaaaaaaaaaaaaaaaaaaaaaaaaaaaaaaaaaaaaaaaaaaaaaaaaaaaaaaaaa> aaaaaaaaaaaaaaaaaaaaaaaaaaaaaaaaaaaaaaaa> aaaaaaaaaaaaaaaaaaaaaaaaaaaaaaaaaa> aaaaaaaaaaaaaaaaaaaaaaaaaaaaa> aaaaaaaaaaaaaaaaaaaaaaaa> aaaaaaaaaaaaaaaaaaaaaaaaaaaaaaaaaaaaaaaaaaaaaaaaaaaaaaaaaaaaaaaaaaaaaaaaaa> aaaaaaaaaaaaaaaaaaaaaaaaaaaaaaaaaaaaaaaaaa> aaaaaaaaaaaaaaaaaaaaaaaaaaaaaaaaaaaaaaaaaaaaaaaaa> aaaaaaaaaaaaaaaaaaaaaaaaaaaaaaaaaaaaaaaaaaaaaaaaaaaaaaaaaaaaaaaaaaaaaaaaaaaaa> aaaaaaaaaaaaaaaaaaaaaaaaaaaaaaaaaaaaaaaaaaaaaaaaaaaaaaaaaaaaaaaaaaaaaaaaaaaaaaaaaaaaaaaaaaaaaaaaaaa> aaaaaa> aaaaaaaaaaaaaaaaaaaaaaaaaaaaaaaaaaaaaaaaaaaaaaaaaaaaaaaaaaaaaaaaaaaaaaaaa> aaaaaaaaaaaaaaaaaaaaaaaaaaaaaaaaaaaaaaaaaaaaaaaaaaaaaaaaaaaaaaaaaaaaaaaaaaaaaaaaaaaaa> aaaaaaaaaaaaaaaaaaaaa> aaaaaaaaaaaaaaaaa> aaaaaaaaaaaaaaaaaaaaaaaaaaaaaaaaaaaaaaaaaaaaaaaaaaaaaaaaaaaaaaaaaaaaaaaaaaaaaaaaaaaaaaaaaaaaaaaa> aaaaaaaaaaaaaaaaaaaaaaaaaaaaaaaaaaaaaaaaaaaaaaaaaaaaaaaaaaaaaa> aaaaaaaaaaaaaaaaaaaaa> aaaaaaaaaaaaaaaaaaaaaaaaaaaaaaaaaaaaaaaaaaaaaaaaa> aaaaaaaaaaaaaaaaaaaaaaaaaaaaaaaaaaaaaaaaaaa> aaaaaaaaaaaaaaaaaaaaaaaaaaaaaaaaaaaaaaaaaaaaaaaaaaaaaa> aaaaaaaaaaaaa> aaaaaaaaaaaaaaaaaaaaaaaaaaaaaaaaaaaaaaaaaaaaaaaaaaaaaaaaaaaaaaaaaaaaaaaaaaaaaaaaaaaaaaaaaaa> aaaaaaaaaaaaaaaaa> aaaaaaaaaaaaaaaaaaaaaaaaaaaaaaaaaaaaaaaaaaaaaaaaa> aaaaaaaaaaaaaaaaaaaaaaaaaaaaaaaaaaaa> aaaaaaaaaaaaaaaaaaaaaaaaa> aaaaaaaaaaaaaaaaaaaaaaaaaaaaaaaaaaaaaaaaaaaaaaaaaaaaaaaaaaaaaaaaaaaa> aaaaaaaaa> aaaaaaaaaaaaaaaaaaaaaaaaaaaaaaaaaaaaaaaaaaaa> aaaaaaaaaaaaaaaaaaaaaaaaaaaaaaaaaaaaaaaaaaaaaaaaaaaaaaaaaaaaaa> aaaaaaaaaaaaaaaaaaaaaaaaaaaaaaaaaaaaaaaaaaaaaaaaaaaaaaaaaaaaaaaaaaaaaaaaaaaaaaaaaaaaaaaaaaaaaaa> aaaaaaaaaaaaaaaaaaaaaaaaaaaaaaaaaaaaaaaaaaaaaaaaaaaa> aaaaaaaaaaaaaaaaaaaaaaaaaaaaaaaaaaaaaaaaaaaaaaaaaaaaaaaaaaaaaaaaaaaaaaaaaaaaaaaaaaaaaaaaa> aaaaaaaaaaaaaaaaaaa> aaaaaaaaaaaaaaaaaaaaaaaaaaa> aaaaaaaaaaaaaaaaaaaaaaaaaaaaaaaaaaaaaaaaaaaaaaaaaaaaaaaaaaaaaaaaaa> aaaaaaaaaaaaaaaaaaaaaa> aaaaaaaaaaaaaaaaaaaaaaaaaaaaaaaaaaaaaaaaaaaaaaaaaaaaaaaaaaaaaaaaaaaaaaaaa> aaaaaaaaaaaaaaaaaaaaaaaaaaaaaaaaaaaaaaaaaaaaaaaaaaaaaaaaaaaaaaaaaaa> aaaaaaaaa> aaaaaaaaaaaaaaaaaaaaaaaaa> aaaaaaaaaaaaaaaaaaaaaaaaaaaaaaaaaaaaaaaaaaaaaaaaaa> aaaaaaaaaaaaaaaaaaaaaaaaaaaaaaaaaaaaaaaaaaaaaaaaaaaaaaaaaaaaaaaaaaaaaaaaaaaaaaaaaaaaaaaaaaaaaa> aaaaaaaaaaaaaaaaaaaaaaaaaaaaaaaaaaaaa> aaaaaaaaaaaaaaaaaaaaaaaaaaaaaaaaaaaaaaaaaaaaaaaaaaaaaaaaa> aaaaaaaaaaaaaaaaaaaaaaaaaaaaaaaaaaaaaaaaaaaaaaaaaaaaaaaaaaaaaaaaaaaaaa> aaaaaaaaaaaaaaaaaaaaaaaaaaaaaaaaaaaaaa> aaaaaaaaaaaaaaaaaaaaaaaaaaaaaaaaaaaaaaaaaaaaaaaaaaaaaaaaaaaaaaaaaaaaaaaaaaaaaaaaaaaaaa> aaaaaaaaa> aaaaaaaaaaaaaaaaaaaaaaaaaaaaaaaaaaaaaaaaaaaaaaaaa> aaaaaaaaaaaaaaaaaaaaaaaaaaaaaaaaaaaaaaaaaaaaa> aaaaaaaaaaaaaaaaaaaaaaaaaaaaaaaaaaaaaaaaaaaaaaaaaaaaaaaaaaaaaaaaaaaaaaaaaaaaaaaaaaaaa> aaaaaaaaaaaaaaaaaaaaaaaaaaaaaaaaaaaaaaaaaaaaaaaaaaaaa> aaa> aaaaaaaaaaaaaaaaaaaaaaaaaaaaaaaaaaaaaaaaaaaaaaaaaaaaaaaaaaaaaaaaaaaaaaaaaaaaaaaaaaaaaa> aaaaaaaaaaaaaa> aaaaaaaaaaaaaaaaaaaaaaaaaaaaaaaaaaaaaaaaaaaaaaaaaaaaaaaaaaaaaaaaaaaaaaaaaaaaaaaaaaaaaaaaaaaaaaaa> aaaaaaaaaaaaaaaaaaaaaaaaaa> aaaaaaaaaaaaaaaaaaaaaaaaaaaaaaaaaaaaaaaaaaaaaaaaaaaaaaaaaaaaaaaaaaaaaaaaaaaaaaaa> aaaaaaaaaa> aaaaaaaaaaaaaaaaaaaaaaaaaaaaaaaaaaaaaaa> aaaaaaaaaaaaaaaaaaaaaaaaaa> aaaaaaa> aaaaaaaaaaaaaaaaaaaaaaaaaaaaaaaaaaaaaaaaaaaaaaaaaaaaaaa> aaaaaaaaaaaaaaaaaaaaaaaaaaaaaaaaaaaaaaaaaaaaaaaaaaaaaaaaaaaaaaaaaaaaaaaaaaaaaaaaaaaaaaaaaa> aaaaaaaaaaaaaaaaaaaaaaaaaaaaaaaaaaaaaaaaaaaaaaaaaaaaaaaaaaaaaaaaaaaaaaaaaaaaaaaaaaaaa> aaaaaaaaaaaaaaaaaaaaaaaaaa> aaaaaaaaaaaaaaaaaaaaaaaaaaaaaaaaaaaaaaaaaaaaaaaaaaaaaaaaaaaaaaaaaaaaaaaa> aaaaaaaaaaaaaaaaaaaaaaaaaaaaaaaaaaaaaaaaaaaaaaaaaaaa> aaaaaaaaaaaaaaaaaaaaaaaaaaaaaaaaaaaaaaaa> aaaaaaaaaaaaaaaaaaaaaaaaaaaaaaaaaaaaaaaaaaaaaaaaaaaaaaaaaaaaaaaaaaaaaaaaaaa> aaaaaaaaaaaaaaaaaaaaaaaaaaaaaaaaaaaaaaaaaaaaaaaaaaaaaaaaaaaaaaaaaaaaa> aaaaaaaaaaaaaaaaaaaaaaa> aaaaaaaaaaaaaaaaaaaaaaaaaaaaaaaaaaaaaaaaaaaaaaaaaaaaaaaaaaaaaaaaaaaaaaaaaaa> aaaaaaaaaaaaaaaaaaaaaaaaaaaaaaaaaaaaaaaaaaaaaaaaaaaaaaaaaaaaaaaaaaaaaaaaaaaaa> aaaaaaaaaaaaaaaaaaaaaaaaaaaaaaaaaaaaaaaaaaaaaaaaaaaaaaaaaaaaa> aaaaaaaaaaaaaaaaaaaaaaaaaaaaaaaa> aaaaa> aaaaaaaaaaaaaaaaaaaaaaaaaaaaaaaaaaaaaaaaaaaaaaaaaaaaaaaaaaaaaaaaaaaaaaaaaaa> aaaaaaaaaaaaaaaaaaaaaaaa> aaaaaaaaaaaaaaaaaaaaaaaaaaaaaaaaaaaaaaaaaaa> aaaaaaaaaaaaaaaaaaaaaaaaaaaaaaaaaaaaaaaaaaaaa> aaaaaaaaaaaaaaaaaaaaaa> aaaaaaaaaaaaaaaaaaaaaaaaaaaaaaaaaaaaaaaaaaaaaaaaaaaaaaaaaaaaaaaaaaaaaaaaaaaaa> aaaaaaaaaaaaaaaaaaaaaaaaaaaaaaaaaaaaaaaa> aaaaaaaaaaaaaaaaaaaaaaaaaaaaaaaaaaaaaaaaaaaaaaaaaaaaaaaaaaaaaaaaaaaaa> aaaaaaaaaaaaaaaaaaaaaaaaaaaaaaaaaaaaaaaaaaaaaaaaaaaaaa> aaaaaaaaaaaaaaaaaaaaaaaaaaaaaaaaaaaaaaaaaaa> aaaaaaaaaaaaaaaaaaaaaaaaaaaaaaaaaaaaaaaaaaaaaaaaaaaaaaaaaaaaaaaaaaaa> aaaaaaaaaaaaaaaaaaaaaaaaaaaaaaaaaaa> aaaaaaaaaaaaaaaaaaaaa> aaaaaaaaaaaaaaaaaaaaaaa> aaaaaaaaaaaaaaaaaaaaaaaaaaaaaaaaaaaaaaaaaaaaaaaaaaaaaaaaaaaaaaaaaaaaaaaaaaaaaaaaaaaaaaaaaaaaaaa> aaaaaaaaaaaaaaaaaaaaaaaaaaaaaaaaaaaaaaaaaaaaaaa> aaaaaaaaaaaaaaaaaaaaaaaaaaaaaaaaaaaaaaaaaaaaaaaaaaaaaaaaaaaaaaaaaaaaaaaaaaaaaaaaaaaaaaaaa> aaaaaaaaaaaaaaaaaaa> aaaaaaaaaaaaaaaaaaaaaaaaaaaaaaaaaa> aaaaaaaaaaaaaaaaaaaaaaaaaaaaaaaaaaaaaaaaaaaaaaaaaaaaaaaaaaaaaaaaaaaaaaaaaaaaaaaa> aaaaaaaaaaaaaa> aaaaaaaaaaaaaaaaaaaaaaaaaaa> aaaaaaaaaaaaaaaaaaaaaaaaaaaaaaaaaaaaaaaaaaaa> aaaaaaaaaaaaaaaaaaaaaaaaaaaaaaaaaaaaaaaaaaaaaaaaa> aaaaaaaaaaaaaaaaaaaaaaaaaaaaaaaaaaaaaaa> aaaaaaaaaaaaaaaaaaaaaaaaaaaaaaaaaaaaaaaaaaaaaaaaaaaaa> aaaaaaaaaaaa> aaaaaaaaaaaaaaaaaaaaaaaaaaaaaaaaaaaaaa> aaaaaaaaaaaaaaaaaaaaaaaaaaaaaaaaaaaaaaaaaaaaaaaaaaaaaaaaaaaa> aa> aaaaaaaaaaaaaaaaaaaaaaaaaaaaaaaaaaaaaaaaaaaaaaaaaaaaaaaaaaaaaaaaaaaaaaaaaaaaaaaaaaaaaaaaaaaaa> aaaaaaaaaaaaaaaaaaaaaaaaaaaaaaaaaaaaaaaaaaaaaaaaaaaaaaaaaaaaaaaaaaaaaaaaaaaaaaa> aaaaaaaaaaaaaaaaaaaaaaaaaaaaaaa> aaaaaaaaaaaaaaaaaaaaaa> aaaaaaaaaaaaaaaaaaaaaaaaaaaaaaaaaaaaaaaaaaaaaaaaaaaaaaaaaaaaaaaaaaaaaaaaaa> aaaaaaaaaaaaaaaaaaaaaaaaaaaaaaaaaaaaaaaaaaaaaa> aaaaaaaaaaaaaaaaaaaaaaaaaaaaaaaaaaaaaaaaaaaaaaaaaaaaaaaaaaaaaaaaaaaaaaaaaaaa> aaaaaaa> aaaaaaaaaaaaaaaaaaaaaaaaaaaaaaaaaaaaa> aaaaaa> aaaaaaaaaaaaa> aaaaaaaaaaaaaaaaaaaaaaaaaaaaaaaaaaaaaaaaaaaaaaaaaaaaaaaa> aaaaaaaaaaaaaaaaaaaaaaaaaaaaaaaaaaaaaaaaaaaaaaaaaaaaaaaaaaaaaaaaaa> aaaaaaaaaaaaaaaaaaaaaaaaaaaaaaaaaaaaaaaaaaaaaaaaaaaaaaaaaaaaaaaaaa> aaaaaaaaaaaaaaaaaaaaaaaaaaaaaaaaaaaaaaaaaaaaaaaaaaaaaaaaaaaaaaaaaaaaaaaaaaaaaaaaaaaaa> aaaaaaaaaaaaaaaaaaaaaaaaaaaaaaaaaaaaaaaaaaaaaaaaaaaaaaaaaaaaaaaaaaaaaaaaaaaaaaaaaaaaaaa> aaaaaaaaaaaaaaaaaaaaaaaaaaaaaaaaaaaaaaaaaaaaaaaaaaaaaaaaaaaaaaaaaaaaaaaaaaaaaaaaaaaaaaaa> aaaaaaaaaaaaaaaaaaaaaaaaaaaaaaaaaa> aaaaaaaaaaaaaaaaaaaaaaaaaaaaaaaaaaaaaaaaaaaaaaaaaaaaaaaaaaaaaaaaaaaaaaaaaaaaaaaaaaaaaaaaaaaaaaaaaa> aaaaaaaaaaaaaaaaaaaaaaaaaaaaaaaaaaaaaaaaaaaaaaaaaaaaaaaaaaaaaaaaaaaaaaaaaaaaaaaaa> aaaaaaaaaaaaaaaaaaaaaaaaaaaaaaaaaaaaaaaaaaaaaaaaaaaaaaaaa> aaaaaaaaaaaaaaaaaaaaaaaaaaaaaaa> aaaaaaaaaaaaaaaaaaaaaaaaaaaaaaaaaaaaaaaaaaaaaaaaaaaaaaaaaaaaaaaaaaaaaaaaa> aaaaaaaaaaaaaaaaaaaaaaaaaaaaaaaaaaaaaaaaaaaaaaaaaaaaaaaaaaaaaaaaaaaaaaaaaaaaaaaaaaaaaa> aaaaaaaaaaaaaaaaaaaaaaaaaaaaaaaaaaaaaaaaaaaaaaaaaaaaaaaaaaaaaaaaaaaa> aaaaaaaaaaaaaaaaaaaaaaaaaaaaaaaaaaaaaaaaaaaa> aaaaaaaaaaaaaaaaaaaaaaaaaaaaaaaaaaaaaaaaaaaaaaaaaaaaaaaaaaaaaaaaaaaaaaaaaaaaaa> aaa> aaaaaaaaaaaaaaaaaaaaaaaaaaaaaaaaaaaaaaaaaaaaaaaaaaaaaaaaaaaa> aaaaaaaaaaaaaaaaaaa> aaaaa> aaaaaaaaaaaaaaaaaa> aaaaaaaaaaaaaaaaaaaaaaaaaaaaaaaaaaaaaaaaaaaaaaaaaaaaaaaaaaaaaa> aaaaaaaaaaaaaaaaaaaaaaaaaaaaaaaaaaaaaaaaaaaaaaaaaaaaaaaaaaaaaaaaaaaaaaaaaaaaaaaaaaaa> aaaaaaaaaaaaaaaaaaaaaaaaaaaaaaaaaaaaaaaaaaaaaaaaaaaaaaaa> aaaaaaaaaaaaaaaa> aaaaaaaaaaaaaaaaaaaaaaaaaaaaaaaaaaaaaaaaaaaaaaaaaaaa> aaaaaaaaaaaaaaaaaaaaaaaaaaaaaaaaaaaaaaaaaaaaaaaaaaaaaaaa> aaaaaaaaaaaaaaaaaaaaaaaaaaaaaaaaaaaa> aaaaa> aaaaaaaaaaaaaaaaaaaaaaaaaaaaaaaaaaaaaaaaaaaaaaaaaaaaaaaaaaaaaaaaaaaaaaaaaaaaaaaaaaaaaaaaaaaaaaa> aaaaaaaaaaaaaaaaaaaaaaaaaaaaaaaaa> aaaaaaaaaaaaaaaaaaaaaaaaaaaaaaaa> aaaaaaaaaaaaaaaaaaaaaaaaaaaaaaaaaaaaaaaaaaaaaaaaaaaaaaaaaaaaaaaaaaaaaaaaaaaaaaaaaaaaaaaaaaaaaaaaa> aaaaaaaaaaaaaaaaaaaaaaaaaaaaaaaaaaaaaaaaaaaaaaaaaaaaaaaaaaaaaaaaaaaaaaaaaaa> aaaaaaaaaaaaaaaaaaaaaaaaaaaaaaaaaa> aaaaaaaaaaaaaaaaaaaaaaaaaaaaaaaaaaaaaaaaaaaaaaaaaaaaaaaaaaaaaaaa> aaaaaaaaaaaaaaaaaaaaaaaaaaaaaaaaaaaaaaaaaaaaaaaaaaaaaaaaaaaaaaaaaaaaaaa> aaaaaaaaaaaaaaaaaaaaaaaaaaaaaaaaaaaaaaaaaaaaaaaaaaaaaaaaaaaaaaaaaaaaaaaaaaaaaaaaaaaaaaaaaaaaaaaaaa> aaaaaaaaaaaaaaaaaaaaaaaaaaaaaaaaaaaaaaaaaaaaaaaaaaaaaaaaaaaaaaaaaaaaaaaaaaaaaaaaaaaaaaaaaaaaaaaaaaa> aaaaaaaaaaaaaaaaaaaaaaaaaaaaaaaaaaaaaaaaaaaaaaaaaaaaaaaaaaaaaaaaaaaaaaaaaaaaaaa> aaaaaaaaaaaaaaaaaaaaaaaaaaaaaaaaaaaaaaaaaaaaaaaaaaaaaaaaaaaaaaaaaaaaaaaaaaaaaaaaaaaaaaaaaaaaaaaaaaa> aaaaaaaaaaaaaaaaaaaaaaaaaaaaaaaaaaaaaaaaaaaaaaaaaaaaaaaaaaaaaaaaaaaaaaa> aaaaaaaaaaaaaaaaaaaaaaaaaaaaaaaaaaaaaaaaaaaaaaaaaaaaaaaaaaaaaaaaaaaaaaaaa> aaaaaaaaa> aaaaaaaaaaaaaaaaaaaaaaaaaaaaaaaaaaaaaaaaaaaaaaaaaaaaaaa> aaaaaaaaaaaaaaaaaaaaaaaaaaaaaaaaaaaaaaaaaaaa> aaaaaaaaaaaaaaaaaaaaaaaaaaaaaaaaaaaaaaaaaaaaaaaaaaaaaaaaaaaaaaaaaaaaaaaaaaaaaaaaaaaaaaaaaaaaa> aaaaaaaaaaaaaaaaaaaaaaaaaaaaaaaaaaaaaaaaaaaaaaaaaaaaaaaaaaaaaaa> aaaaaaaaaaaaaaaaaaaaaaaaaaaaaaaaaaaaaaaaaaaaaaaa> aaaaaaaaaaaaaaaaaaaaaaaaaaaaaaaaaaaaaaaaaaaaaaaaaaaaaaaaaaaaaaaaaaaaaaaaaaa> aaaaaaaaaaaaaaaaaaaaaaaaaaaaaaaaa> aaaaaaaaaaaaaaaaaaaaaaaaaaaaaaaaaaaaaaaaaaaaaaaaaaaaaaaaaaaaaaaaaaaaa> aa> aaaaaaaaaaaaaaaaaaaaaaaaaaaaaaaaaaaaaaaaaaaaaaaaaaaaaaaaaaaaaaaaaaaaaaaaaaaaaaa> aaaaaaaaaaaaaaaaaaaaaaaaaaaaaaaaaaaaaaaaaaaaaaa> aaaaaaaaaaaaaaaaaaaaaaaaaaaaaaaaaaaaaaaaaaaaaaaaaaaaaaaaaaa> aaaaaaaaaaaaaaaaaaaaaaaaaaaaaaaaaaaaaaaaaaaaaaaaaaa> aaaaaaaaaaaaaaaaaaaaaaaaaaaaaaaaaaaaaaaaaaaaaaaaaaaaaaaaaaaaaaaaaaaaaa> aaaaaaaaaaaaaaaaaaaaaaaaaaaaaaaaaaaaaaaaaaaaaaaaaaaaaaaaaaaaaaaaaaaaaaaaaaaaaaaaaaaaaaaaaa> aaaaaaaaaaaaaaaaaaaaaaaaaaaaaaaaaaaaaaaaaaaaaaaaaaaaaaaaaaaaaaaaaaaaaaaaaaaaaaaaaaaaaaaaaa> aaaaaaaaaaaaaaaaaaaaaaaaaaaaaaaaaaaaaaaaaaaaaaaaaaaaaaaaaaaaaaaaaaaaaaaaaaaaaaaaaaaaaaaaaaaaaaaaaa> aaaaaaaaaaaaaaaaaaaaaaaaaaaaaaaaaaaaaaa> aaaaaaaaaaaaaaaaaaaaaaaaaaaaaaaaaaaaaaaaaaaaaaaaaaaaaaaaaaaaaaaaaaa> aaaaaaaaaaaaaaaaaaaaaaaaaaaaaaaaaaaaaaaaaaaaaaaaaaaaa> aaaaaaaaaaaaaaaaaaaaaaaaaaaaaaaaaaaaaaaaaaaaaaaaaaaaaaaaaaaaaaaaaaaaaaaaaaaaaaaaaaaa> aaaaaaaaaaaaaaaaaaaaaaaaaaaaaaaaaaaaaaaaaaaaaaaaa> aaaaaaaaaaaaaaaaaaaaaaaaaaaaaaaaaaaaaaaa> aaaaaaaaaaaaaaaaaaaaaaaaaaaaaaaaaaaaaaaaaaaaaaaaaaaaaaaaaaaaaaaaaaaaaaaaaa> aaaaaaaaaaaaaaaaaaaaaaaaaaaaaaaaaaaaaaaaaaaaaaaaaaaaaaaaaaaaaaaaaaaaaaaaaaaaaaaaaaaaa> aaaaaaaaaaaaaaaaaaaaaaaaaaaaaaaaaaaaaaaaaaaaaaaaaaaaaaaaaaaaaaaaaaaaaaaaaaaaaaaaaaaaaaaaaaaa> a> aaaaaaaaaaaaaaaaaaaa> aaaaaaaaaaaaaaaaaaaaaaaaaaaaaaaaaaaaaaaaaaaaaaaaaaaaaaaaaaaaaaaaaaaaaaaaaaaaaaaaaaaaaaaaaaaaaaaaaaaa> aaaaaaaa> aaaaaaaaaaaaaaaaaaaaaaaaaaaaaaaaaaaaaaaaaaaaaaaaaaaaaaaaaaaaaaaaaaaaaaaaaaaaaaaaaaaaaaaaaaaaaaaa> aaaaaaaaaaaaaaaaa> aaaaaaaaaaaaaaaaaaaaaaaaaaaaaaaaaaaaaaaaaaaaaaaaaaaaaaaaaaaaaaaaaaaa> aaaaaaa> aaaaaaaaaaaaaaaaaaaaaaaaaaaaaaaaaaaaaaaaaaaaaaaaaaaaaaaaa> aaaaaaaaaaaaaaaaaaaaaaaaaaaaaaaaaaaaaaaaaaaaaaaaa> aaaaaaaaaaaaaaaaaaaaaaaaa> aaaaaaaaaaaaaaaaaaaaaaaaaaaaaaaaaaaaaaaaaaaaaaaaaaaaaaaaaaaaaaaaaaaaaaaa> aaaaaaaaaaaaaaaaaaaaaaaaaaaaaaaaa> aaaaaaaaaaaaaaaaaaaaaaaaaaaaa> a> aaaaaaaaaaaaaaaaaaaaaaaaaaaaaaaaaaaaaa> aaaaaaaaaaaaaaaaaaaaaaaaaaaaaaaaaaaaaaaaaaaaaaaaaaaaaaaaaaaaaaaaaaaaaa> aaaaaaaaaaaaaaaaaaaaaaaaaaaaaaaaaaaaaaaaa> aaaaaaaaaaaaaaaaaaaaaaaaaaaaaaaaaaaaaaaaaaaaaaaaaaaaaaaaaaaaaaaaaaaaaaaaaa> aaaaaaaaaaaaaaaaaaaaaaaaaaaaaaaaaaaaaaaa> aaaaaaaaaaaaaaaaaaaaaaaaaaaaaaaaaaaaaaaaaaaaaaaaaaaaa> aaaaaaaaaaaaaaaaaaaaaaaaaaaaaaaaaaaaaaaaaa> aaaaaaaaaaaaaaaaaaaaaaaaaaaaaaaaaaaaaaaaaaaaaaaaaaaaaaaaaaaaaaaaaaaaaaaaaaaaaaaaaaaaaaaaaa> aaaaaaaaaaaaaaaaaaaaaaaaaaaaaaaaaaaaaaaaaaaaaaaaaaaaaaaaaaaaaaaaaaaaaaaaaaaaaaaaaaaaaaaaaaaa> aaaaaaaaaaaaaaaaaaaaaaaaaaaaaaaaaaaaaaaaaaaaaaaaaa> aaaaaaaaaaaaaaaaaaaaaaaaaaaaaaaaaaaaaaaaaaaaaaaaaaaaaaaaaaaaaaaaaaa> aaaaaaaaaaaaaaaaaaaaaaaaaaa> aaaaaaaaaaaaaaaaaaaaaaaaaaaaaaaaaaaaaaaaaaaaaaaaaaaaaaaaaaaa> aaaaaaaaaaaaaaaaaaaaaaaaaaaaaaaaaaaaaaaaaaaaaaaaaaaaaaaaaaaaaaaaaaaaaaaaaaaaaaaaaaaaaa> aaaaaaaaaaaaaaaaaaaaaaaaaaaaaaaaaaaaaaaaaaaaaaaaaaaaaaaaaaaaaaaaaaaaaaaaaaaaaaaaaaaaaaaaaaaaaaa> a> aaaaaaaaaaaaaaaaaaaaaaaaaaaaaaaaaaaaaaaaaaaaa> aaaaaaaaaaaaaaaaaaaaaaaaaaaaaaaaaaaaaaaaaaaaaaaaaaaaaaaaaaaaaaa> aaaaaaaaaaaaaaaaaaaaaaaaaaaaaaaaaaaaaaaaaaaaaaaaaaaaaaaaaaaaaaaaaaaaaaa> aaaaaaaaaaaaaaaaaaaaaaaaaaaaaaaaaaaaaaaaaaaaaaaaaaaaaaaaa> aaaaaaaaaaaaaaaaaaaaaaaaaaaaaaaaaaaaaaaaaaaaaaaaaaaa> aaaaaaaaaaaaaaaaaaaaaaaaaaaaaaaaaaaaaaaaaaaaaaaaaaaaaa> aaaaaaaaaaaaaa> aaaaaaaaaaaaaaaaaaaaaaaaaaaaaaaaaaaaaaaaaaaaaaaaaaaaaaaaaaaaaaaaaa> aaaaaaaaaaaaaaaaaaaaaaaaaaaaaaaaaaaaaaaaaa> aaaaaaaaaaaaaa> aaaaaaaaaaaaaaaaaaaaaaaaaa> aaaaaaaaaaaaaaaaaaaaaaaaaaaaaaaaaaaaaaaaaaaaaaaaaaaaaaaaaaaaaaaaaaaaaaaaaaaaa> aaaaaaaaaaaaaaaaaaaaaaaaaaaaaaaaaaaaaaaaaaaaaaaaaaaaaaaaaaaaaaaaaaaaa> aaaaaaaaaaaaaaaaaaaaaaaaaaaaaaaaaaaaaaaaaaaaaaaaaaaaaaaaaaaaaaaaaaa> aaaaaaaaaaaaaaaaaaaaaaaaaaaaaaaaaaaaaaaaaaaaaaaaaaaaaaaaaaaaaaaaaaaaaaaaaaaaaaaaa> a> aaaaaaaaaaaaaaaaaaaaaaaaaaaaaaaaaaaaaaaaaaaaaaaaaaaaaaaaaaaaaaaaaaaaaaaaaaaaaaaaaaaaaaaaaaaa> aaaaaaaaaaaaaaaaaaaaaa> aaaa> aaaaaaaaaaaaaaaaaaaaaaa> aaaaaaaaaaaaaaaaaaaaaaaaaaaaaaaaaaaaaaaaaaaaaaaaaaaaaaaaaaaaaaaaaaaaaaaaaaa> aaaaaaaaaaaaaaaaaaaaaaaaaaaaaaaaaaaaaaaaaaaaaaaaaaaaaaaaaaaaaaaaaaaaaaaaaaaaaaaaaaaaaaaaaaaaaaaa> aaaaaaaaaaaa> aaaaaaaaaaaaaaaaaaaaaaaaaaaaaaaaaaaaaaaaaaaaaaaaaaaaaaa> aaaaaaaaaaaaaaaaaaaaaaaaaaaaaaaaaaaaaaaaaaaaaaaaaaaaaaaaaaaaaaaaaaaaaaaaaaaaaaaaaaaaaaaaaaaaa> aaaaaaaaaaa> aaaaaaaaaaaaaaaaaaaaaaaaaaaaaaaaaaaaaaaaaaaaaaaaaaaaaaaaaaaa> aaaaaaaaaaaaaaaaaaaaaaaaaaaaaaaaaaaaaaaaaaaaaaaaaaaaaaaaaaaaaaaaaaaaaaaaaaaaa> aaaaaaaaaaaaaaaaaaaaaaaaaaaaaaaaaaaaaaaaaaaaaaaaaaaaaaaaaaaaaaaaaaaaaaaaaaaaaaaaa> aaaaaaaaaaaaaaaaaaaaaaaaaaaaaaaaaaaaaaaaaaaaaaaaaaaaaaaaaaaaaaaaaaaaaaaaaaaaaaaaaaaaaaaaaaaaaa> aaaaaaaaaaaaaaaaaaaaaaaaaaaaaaaaaaaaaaaaaaaaa> aaaaaaaaaaaaaaaaaaaaaaaaaaaaaaaaaaaaaaaaaaaaaaaaaaaaaaaaaaaaaaaaaaaaaaaaaaaaaaa> aaaaaaaaaaaaaaaaaaaaaaaaaaaaaaaaaaaaaaaaaaaaaaaaaaaaaaaaaaaaaaaaaaaaaaaaaaaaaaaaa> aaaaaaaaaaaaaaaaaaaaaaaaaaaaaaaaaaaaaaaaaaaaaaaaaaaaaaaaaaaaaaaaaaaaaaaaaaaaaaaaaaaaaaaaaaaaaaaaaaa> aaaaaaaaaaaaaaaaaaaaaaaaaaaaaaaaaaaaaaaaaaaaaa> aaaaaaaaaaaaaaaaaaaaaaaaaaaaaaaaaaaaaaaaaaaaaaaaaaaaaaa> aaaaaaaaaaaaaaaaaaaaaaaaaaaaaaaaaaaaaaaaaaaaaaaaaaaaa> aaaaaaaaaaaaaaaaaaaaaaaaaaaaaaaaaa> aaaaaaaaaaa> aaaaaaaaaaaaaaaaaaaaaaaaaaaaaaaaaaaaaaaaaaaaaaa> aaaaaaaaaaaaaaaaaaaaaaaaaaaaaaaaaaaaaaaaaaaaaaaaaaaaaaaaaaaaaaaaaaaaaaaaaaaaaaaaaaaaaaa> aaaaaaaaaaaaaaaaaaaaaaaaaaaaaaaaaaaaaaaaaaaaaaaaaaaaaaaaaaaaaaaaaaaaaaaaaaaaaaaaaaaa> aaaaaaaaaaaaaaaaa> aaaaaaaaaaaaaaaaaaaaaaaaaaaaaaa> aaaaaaaaaaaaaaaaaaaaaaaaaaaaaaaaaaaaaa> aaaaaaaaaaaaaaaaaaaaaaaaaaaaaaaaaaaaaaaaaaaaaaaaaaaaaaaaaaaaaaaaaaaaaaaaaaaaaaaaaaaaaaaaaaaaaaaa> aaaaaaaaaaaaaaaaaaaaaaaaaaaaaaaaaaaaaaaaaaaaaaaaaa> aaaaaaaaaaaaaaaaaaaaaaaaaaaaaaaaaaaaaaaaaaaaaaaaaaaaaaaaaaaaaaaaaaaaaaaaaaaaaaaaaaaaa> aaaaaaaaaaaaaaaaaaaaaaaaaaaaaaaaaa> aaaaaaaaaaaaaaaaaaaaaaaaaaaaaaaaaaaaaaaaaaaaaaaaaaaaaaaaaaaaaaaaaaa> aaaaaaaaaaaaaaaaaaaaaaaaaaaaaaaaaaaaaaaaaaaaaaaaaaaaaaaaaaaaaaaaaaaaaaaaaaaaaa> aaaaaaaaaaaaaaaaaaaaaaaaaaaaaaaaaaaaaaaaaaaaaaaaaaaaaaaaaaaaaaaaaaaaaaaaaaa> aaaaaaaaaaaaaaaaaaaaaaaaaaaaaaaaaaaaaaaaaa> aaaaaaaaaaaaaaaaaaaaaaaaaaaaaaaaaaaaaaaaaaaaaaaaaaaaaaaaaaaaaaaaaaaaaaaaaaaaaaaa> aaaaaaaaaaaaaaaaaaaaaaaaaaaaaaaaaaaaaaaaaaaaaaaaaaaaaaaaaaaaaaaaaaaaaaaaaaaaaaaaaaaaaaa> aaaaaaaaaaaaaaaaaaaaaaaaaaaaaaaaaaaaaaaaaaaaaaaaaaaaaaaaaaaaaaaaaaaaaaa> aaaaaaaaaaaaaaaaaaaaaaaaaaaaaaaaaaaaaaaaaaaaaaaaaaaaaaaaaaaaaaaaaaaaaaaaaaaaaaaaaaaa> aaaaaaaaaaaaaaaaaaaaaaaaaaaaaaaaaaaaaaaaaaaaaaaaaaaaaaaaa> aaaaaaaaaaaaaaaaaaaaaaaaaaaaaaaaaaaaaaaaaaaaaaaaaaaaaaaaaaaa> aaaaaaaaaaaaaa> aaaaaaaaaaaaaaaaaaaaaaaaaaaaaaaaaaaaaaaaaaaaaaaaaaaaaaaaaaaaaaaaaaaaaaaaaaa> aaaaaaaaaaaaaaaaaaaaaaaaaaaaaaaaaaaaaaaa> aaaaaaaaaa> aaaaaaaaaaaaaaaaaaaaaaaaaaaaaaaaaaaaaaaaaaaaaaaaaaaaaaaaaaaaaaaaaaaaaaaaaaaaaaaaaaaaaaaaaa> aaaaaaaaaaaaaaaaaaaaaaaaaaaaaaaaaaaaaaaaaaaaaaaaaaaaaaaaaaaaaaaaaaaaaaaaaaaaaaaaaaaaa> aaaaaaaaaaaaaaaaaaaaaaaaaaaaaaaaaaaaaaaaaaaaaaaaaaaaaaaaaaaaaaaaaaaaaaaaaaaaaaaa> aaaaa> aa> aaaaaaaaaaaaaaaaaaaaaaaaaaaaaaaaaaaaaaaaaaaaaaaaaaaaaaaaaaaaaaaaaaaaaaaaaaaaaaaaaaaaaaaaaaaaaaaaaaaa> aaaaaaaaaaaa> aaaaaaaaaaaaaaaaaaaaa> aaaaaaaaaaaaaaaaaaaaaaaaaaaaaaaaaaaaaaaaaaaaaaaaaaaaaaaaaaaaaaa> aaaaaaaaaaaaaaaaaaaaaaaaaaaaaaaaaaaaaaaaaaaaaaaaaaaaaaaaaaaaaaaaaaaaa> aaaaaaaaaaaaaaaaaaaaaaaaaaaaaaaaaaaaaaaaaaaaaaaaaaa> aaaaaaaaaaaaaaaaaaaaaaaaaaaaaaaaaaaaaaaaaaaaaaaaaaaaaaaaaaaaaaaaaaaaaaaaaa> aaaaaaaaaaaaaaaaaaaaaaaaaaaaaaaaaaaaaaaaaaaaaaaaaaaaaaaaaaaaaaaaaaaaaaaaaaaaaaaaaaaaaaaaaaaaaaa> aaaaaaaaaaaaaaaaaaaaaaaaaaaaaaaaaaaaaaaaaaaaaaaaaaaaaaaaaaaaaaaaaaaaaaaaaaaaaaaaaaaaaaa> aa> aaaaaaaaaaaaaaaaaaaaaaaaaaaaaaaaaaaaaaaaaaaaaaaaaaaaaaaaaaaaaaaaaa> aaaaaaaaaaaaaaaaaaaaaaaaaaaaaaaaaaaaaaaaaaaaaaaaaaaaaaaaaaaaaaaaaaaaaaaa> aaaaaaaaaaaaaaaaaaaaaaaaaaaaaaaaaaaaaaaaaaaaaaaaaaaaaaaaaaaaaaaaaaaaaaaaaaaaaaaaaaaa> aaaaaaaaaaaaaaaaaaaaaaaaaaaaaaaaaaaaaaaaaaaaaaaaaaaaaaaaaaaa> aaaaaaaaaaaaaaaaaaaaaaaaaaaaaaaaaaaaaaaaaa> aaaaaaaaaaaaaaaaaaaaaaaaaaaaaaaaaaaaaaaaaaaaaaaaaaaaa> aaaaaaaaaaaaaaaaaaaaaaaaaaaaaaaaaaaaaaaaaaa> aaaaaaaaaaaaaaaaaaaaa> aaaaaaaaaaaaaaaaaaaaaaaaaaaaaaaaa> aaaaaaaaaaaaaaaaaaaaaaaaaaaaaaaaaaaaaaaaaaaaaaaaaaaa> aaaaaaaaaaaaaaaaaaaaaaaaaaaaaaaaaaaaaaaaaaaaaaaaaaaaaaaaaaaaaaaaaaaaaaaaaaaaaaaaaaaaaaaa> aaaaaaaaaaaaaaaaaaaaaaaaaaaaaaaaaaaaaaaaaaaaaaaaaaaaaaaaaaaaaaaaaaaaaaaaaaaaaaa> aaaaaaaaaaaaaaaaaaaaaaaaaaaaaaaaaaaaaaaaaaaaaaaaaa> aaa> aaaaaaaaaaaaaaaaaaaaaaaaaaaaaaaaaaaaaaaaaaaaaaaaaaaaaaaaaaaaaaaaaaaa> aaaaaaaaaaaaaaaaaaaaaaaaaaaaaaaaaaaa> aaaaaaaaaaaaaaaaaaaaaaaaaaaaaaaaaaaaaaaaaaaaaaaaaaaaaaaaaaaaaaaaaaaaaaaaaaaaaaaaaaaaa> aaaaaaaaaaaaaaaaaaaaaaa> aaaaaaaaaaaaaaaaaaaaaaaaaaaa> aaaaaaaaaaaaaaaaaaaaaaaaaaaaaaaaaaaaaaaaaaaaaaaaaaaaa> aaaaaaaaaaaaaaaaaaaaaaaaaaaaaaaaaaaaaaaaaaaaaaaaaaaaaaaaaaaaaaaaaaaaaaaaaaaaaaaaaaaaaa> aaaaaaaaaaaaaaaaaaaaaaa> aaaaaaaaa> aaaaaaaaaaaaaaaaaaaaaaaaaaaaaaaaaaaaaaaaaaaaaaaaaaaaaaaaaaaa> aaaaaaaaaaaaaaaaaaaaaaaaaaaaaaaaaaaaaaaaaaaaaaaaaaaaaaaa> aaaaaaaaaaaaaaaaaaaaaaaaaaaaaaaaaaaaaaaaaaaaaaaaaaaaaaaaaaaaaaaaaaaaa> aaaaaaaaaaaaaaaaaaaaaaaaaaaaaaaaaa> aaaaaaaaaaaaaaaaaaaaaaaaaaaaaaaaaaaaaaa> aaaaaaaaaaaaaaaaaaaaaaaaaaaaaaaaaaaaaaaaaaaaaaaaaaaaaaaaaaaaaaaaaaaaaaaaaaaaaaaaaaaaaaaaaaaaaaaaaaaa> aaaaaaaaaaaaaaaaaaaaaaaaaa> aaaaaaa> aaaaaaaaaaaaaaaaaaaaaaaaaaaaaaaaaaaaaaaaaaaaaaaaaaaaaa> aaaaaaaaaaaaaaaaaaaaaa> aaaaaaaaaaaa> aaaaaaaaaaaaaaaaaaaaaaaaaaaaaaaaaaaaaaaaaaaaaaaaaaaaaaaaaaaaaaaaaaaaaaaaaaaaa> aaaaaaaaaaaaaaaaaaaaaaaaaaaaaaaaaaaaaaaaaaaaaaaaaaaaaaaaaaaaaaaaaaaaaaaaaaaaaaaaaaaaaaaaaaaaaaa> aaaaaaaaaaaaaaaaaaaaaaaaaaaaaaaaaaaaaaaaaaaaaaaaaaaaaaaaaaaaaaaaaa> aaaaaaaaaaaaaaaaaaaaaaaaaaaaaaaaaaaaaaaaaaaaaaaaaaaaaaa> aaaaaaaaaaaaaaaaaaaaaaaaaaaaaaaaaaaaa> aaaaaaaaaaaaaaaaaaaaaaaaaaaaaaaaaaaaaaaaaaaaaaaaaaaaaaaa> aaaaaaaaaaaaaaaaaaaaaaaaaaaaaaaaaaaaaaaaaaaaaaaaaaaaaaaaaaaaaaaaaaa> aaaaaaaaaaaaaaaaaaaaaaaaaaaaaaaaaaaaaaaaaaaaaaaaaaaaaaaaaaaaaaaaaaaaaaaaaaaaaaaaaaaaaa> aaaaaaaaaaaaaaaaaaaaaaaaaaaaaaaaaaaaaaaaaaaaaaaaaaaaaaaaaaaaaaaaaaaaaaaaaaaaaaaaaaaaaaaaaaa> aaaaaaaaaaaaaaaaaaaaaaaaaaaaaaaaaaaaaaaaaaaaaaaaaaaaaaa> aaaaaaaaaaaaaaaaaaaaaaaaaaaaaaaaaaaaaaaaaaaaaaaaaaaaaaaaaaaaaaaaaaaa> aaaaaaaaaaa> aaaaaaaaaaaaaaaaaaaaaaaaaaaaaaaaaaaaaaaaaaaaaaaaaaaaaaaaaaaaaaaaaaaaaaaaaaaaaaaaaaaaaaaaaa> aaaaaaaaaaaaaaaaaaaaaaaaaaaaaaaaaaaaaaaaaaaaaaaaaaaaaaaaaaaaaaaaaaaaaaaaaaaaaaaaaaaaaaaa> aaaaaaaaaaaaaaaaaaaaaaaa> aaaaaaaaaaaaaaaaaaaaaaaaaaaaaaaaaaaaaaaaaaaaa> aaaaa> aaaa> aaaaaaaaaaaaaaaaaaaaaaaaaaaaaaaaaaaaaaaaaaaaaaaaaaaaaaaaaaaaa> aaaaaaaaaaaaaaaaaaaaaaaaaaaaaaaaaaaaaaa> aaaaaaaaaaaaaaaaaaaaaaaaaaaaaaaaaaaaaaaaaaaaaaaaaaaaaaaaaaaaaaaaaaaaaaaaaaaaaaaaaaaaaaaaaaaaaaaa> aaaaaaaaaaaaaaaaaaaaaaaaaaaaaaaaaaaaaaaaaaaaaaaaaaaaaaaaaa> aa> aaaaaaaaaaaaaaaaaaaaaaaaaaaaaaaaaaaaaaaaaaaaaaaaaaaaaaa> aaaaaaaaaaaaaaaaaaaaaaaaaaaaaaaaaaaaaaaaaaaaaaaaaaaaaaaaaaaaaaaaaaaaaaaaaaaaaaaaaaaaaaaaaaaaaaaa> aaaaaaaaaaaa> aaaaaaaaaaaaaaaaaaaaaaaaaaaaaaaaaaaaaaaaaaaaaaaaaaaaaaaaaaaaaaaaaaaaaaaaaaaaa> aaaaaaaaa> aaaaaaaaaa> aaaaaaaaaaaaaaaaaaaaaaaaaaaaaaaaaaaaaaaa> aaaaaaaaaaaaaaaaaaaaaaaaaaaaaaaaaaaaaaaaaaaaaaaaaaaaaaaaaaaaaaa> aaaaaaaaaaaaaaaaaaaaaaaaaaaaaaaa> aaaaaaaaaaaaaaaaaaaaaaaaaaaaaaaaaaaaaaaaaaaaaaaaaaaaaaaaaaaaaaaaaaaaaaaaaaaaa> aaaaaaaaaaaaaaaaaaaaaaaa> a> aaaaaa> aaaaaaa> aaaaaaaa> aaaaaaaaaaaaaaaaaaaaaaaaaaaaaaaaaaaaaaaaaaaaaaaaaaaaaaaaaaaaaaaaaaaaaaaaaaaaaaaaaaaaa> aaaaaaaaaaaaaaaaaaaaaaaaaaaaa> aaaaaaaaaaaaaaaaaaaaaaaaaaaaaaaaaaaaaa> aaa> aaaaaaaaaaaaaaaaaaaaaa> aaaaaaaaaaaaaaaaaaaaaaaaaaaaaaaaaaaaaaaaaaaaaaaaaaaaaaaaaaaaaaaaaaaaaaaaaaaaaaaaaaaaaaaaaaaaaaaaaaa> aaaaaaaaaaaaaaaaaaaaaaaaaaaaaaaaaaaaaaaaaaaaaaaaaaaaaaaaaaaaaaaaaaaaaaaa> aaaaaaaaaaaaaaaaaaaaaaaaaaaa> aaaaaaaaaaaaaaaaaaaaaaaaaaaaaaaaaaaaa> aaaaaaaaaaaaaaaaaaaaaaaaaaaaaaaaaaaaa> aaaaaaaaaaaaaaaaaaaaaaaaaaaaaaaaaaaaaaaaaaaaaaaaaaa> aaaaaaaaaaaaaaaaaaaaaaaaaaaaaaaaaaaa> aaaaaaaaaaaaaaaaaaaaaaaaaaaaaaaaaaaaaaaaaaaaaaaaaaaaaaaaaaaaaaaaaaaaaaaaaaaa> aaaaaaaaaaaaaaaaaaaaaaaaaaaaaaaaaaaaaaaaaaaaaaaaaaaaaaaaaaaaaaaaaaaaaaa> aaaaaaaaaaaaaaaaaaaaaaaaaaaaaa> aaaaaaaaaaaaaaaaaaaaaaaaaaaaaaa> aaaaaaaaaaaaaaaaaaaaaaaaaaaaaaaaaaaaaaaaaaaaaaaaaaaaaaaaaaaaaaaaaaaaaaaaaaaaaaaaaaaaaaaaaaaa> aaaaaa> aaaaaaaaaaaaaaaaaaaaaaaaaaaaa> aaaaaaaaa> aaaaaaaaaaaaaaaaaaaaaaaaaaaaaaaaaaaaaaaaaaaaaaaaaaaaaaaaaaaaaaaaaaaaaaaaaaaaa> aaaaaaaaaaaaaaaaaaaaaaaaaaaaaaaaaaaaaaaaaaaaaaaaaaaaaaaaaa> aaaaaaaaaaaaaaaaaaaaaaaaaaaaaaaaaaaaaaaaaaaaa> aaaaaaaaaaaaaaaaaaaaaaaaaaaaaaaaaaaaaaaaaaaaaaaaaaaaaaaaaaaaaaaaa> aaaaaaaaaaaaaaa> aaaaaaaaaaaaaaaaaaaaaaaaaaaaaaaaaaaaaaaaaaaaaaaaaaaaaaaaaaaaaaa> aaaaaaaaaaaaaaaaaaaaaaaaaaaaaaaaaaaaaaaaaaaaaaaaaaaaaaaaaaaaaaaaaaaaaaaaaaaaaaaa> aaaaaaaaaaaaaaaaaaaaaaaaaaaaaaa> aaaaaaaaaaaaaaaaaaaaaaaaaaaaaaaaaaaaaaaaaaaaaaaaaaaaaaaaaaaaaaaaaaaaaaaaaaaaaaaaaaaaaaaaaa> aaaaaaaaaaaaaaaaaaaaaaaaaaaaaaaaaaaaaaaaaaaaaaaaaaaaaaaaaaaaaaaaaaaaaaaaaaaa> aaaaaaaaaaaaaaaaaaaaaaaaaaaaaaaaaaaaaaaaaaaaaaaaaaaaaaaaaaaaaaaaaaaaaa> aaaaaaaaaaaaaaaaaaaaaaaaaaaaaaaaaaaaaaaaaaaaaaaaaaaaaaa> aaaaaaaaaaaaaaaaaaaaaaaaaaaaaaaaaaaaaaaaaaaaaaaaaaaaaaaaaaaaaaaaaaaaaa> aaaaaaaaaaaaaaaaaaaaaaaaaaaaaaaaaaaaaaaaaaaaaaaaaaaaaaaaaaaaaaaaaaaaaaaaaaaaaa> aaaaaaaaaaaaaaaaaaaaaaaaaaaaaaaaaa> aaaaaa> aaaaaaaaaaaaaaaaaaaaaaaaaaaaaaaaaa> aaaaaaaaaaaaaaaaaaaaaaaaaaaaaaaaaaaaaaaaaaaaaaaaaaaa> aaaaaaaaaaaaaaaaa> aaaaaaaaaaaaaaaaaaaaaaaaaaaaaaaaaaaaaaaaaaaaaaaaaaaaaaaaaaaaaaa> aaaa> aaaaaaaa> aaaaaa> aaaaaaaaaaaaaaaaaaaaaaaaaaaaaaaaaaaaaaaaaaaaaaaaaaaaaaaaaaaaaaaaaaa> aaaaaaaaaaaaaaaaaaaaaaaaaaaaaaaaaaaaaaaaaaaaaaaa> aa> aaaaaaaaaaaaaaaaaaaaaaaaaaaaaaaaaaaaaa> aaaaaaaaa> aaaaaaaaaaaaaaaaaaaaaaaaaaaaaaaaaaa> aaaaaaaaaaaaaaaaaaaaaaaaaaaaaaaaaaaaaaaaaaaaaaaaaaaaaaaaaaaaaaaaaaaaaaaaaaa> aaaaaaaaaaaaaaaaaa> aaaaaaaaaaaaaaaaaaaaaaaaaaaaaaaaaaaaaaaaaaaaaaaaaaaaaaaaaaaaaaaaaaaaaaaaaaaaaaaaaaaaaaaaa> aaaaaaaaaaaaaaaaaaaaaaaaaaaaaaaaaaaaaaaaaaaaaaaaaaaaaaaaaaaaaaaaaaaaaaaaaaaaaaaaaaaaaaaaaaaaaaaaaaaa> aaaaaaaaaaaaaa> aaaaaaaaaaaaa> aaaaaaaaaaaaaaaaaaaaaaaaaaaaaaaaaaaaaaaaaaaaaaaaaaaaaaaaaaaaaaaaaaaaaaaaaaaaaaaaaa> aaaaaaaaaaaaaaaaaaaaaaaaaaaaaaaaaaaaaaaaaaaaaaaaaaaaaaaaaaaaaaaaaaaaaaaaaaaaaaaaaaaaaa> aaaaaaaaaaaaaaaaaaaaaaaaaaaaaaaaaaaaaaaaaaaaaaaaaaaaaaaaaaaaaaaaaaaaa> aaaaaaaaaaaaaaaaaaaaaaaaaaaaaaaaaaaaaaaaaaaaaaaaaaaaaaaaaaaaaaa> aaaaaaaaaaaaaaaaaaaaaaaaa> aaaaaaaaaaaaaaaaaaaaaaaaaaaaaaaaaaaaaaaaaaaaaaaaaaaaaaaaaaaaaaaaaaaaaaaaaaaaaaaaaaaaaa> aaaaaaaaaaaaaaaaaaaaaaaaaaaaaaaaaaaaaaaaaaaaaaaaaaaaaaaaaaaaaaaaaaaaaaaaaaaaaaaaaaaaaaaaa> aaaaaaaaaaaaaaaaaaaaaaaaaaaaaaa> aaaaaaaaaaaa> aaaaaaaaaaaaaaaaaa> aaaaaaaaaaaaaaaaa> aaaaaaaaaaaaaaaaaaaaaaaaaaaaaaaaaaaaaaaaaaaaaaaaa> aaaaaaaaaaaaaaaaaaaaaaaaaaaaaaaaaaaaaaaaaaaaaaaaaaaaaaaaaaaaaaaaaaa> aaaaaaaaaaaaaaaaaaaaaaaaaaaaaaaaaaaaa> aaaaaaaaaaaaaaaaaaaa> aaaaaaaaaaaaaaaaaaaaaaaaaaaaaaaaaaaaaaaaaaaa> aaaaaaaaaaaaaaaaaaaaaaaaaaaaaaaaaaaaaaaaaaaaaaaaaaaaaaaaaaaaaa> aaaaaaaaaaaaaaaaaaaaaaaaaaaaaaaaaaaaaaaaaaaaaaaaaaaaaaaaaaaaaaaaaaaaaaaaaaaaaaaaaaaaaaaaaaaaaaaaa> aaaaaaa> aaaaaa> aaaaaaaaaaaaaaaaaaaaaaaaaaaaaaaaaaaaaaaaaaaaaaaaaaaaaa> aaaaaaaaaaaaaaaaaaaaaaaaaaaaaaaaaaaaaaaaaaaaaaaaaaaaaaaaaaaaaaaaaaaaaaaaaaaaaaaaaa> aaaaaaaaaaaaaaaaaaaaaaaaaaaaaaaaaaaaaaaaaaaaaaaaa> aaaaaaaaaaaaaaaaaaaaaaaaaaaaaaaaaaaaaaaaaaaaaaaaaaaaaaaaaaaaaaaaaaaaaaa> aaaaaaaaaaaaaaaaaaaaaaaaaaaaaaaaaaaaaaaaaaaaaaaaaaaaa> aaaaaaaaaaaaaaaaaaaaaaaaaaaaaaaaaaaaaaaaaaaaaaaaaaaaaaaaaaaaaaaaaaaaaaaaaaaaaaaaaaaaaaaaaaa> aaaaaaaa> aaaaaaaaaaaaaaaaaaaaaaaaaaaaaaaaaa> aaaaaaaaaaaaaaaaaaaaaaaaaaa> aaaaaaaaaaaaaaaaaaaaaaaaaaaaaaaaaaaaaaaaaaaaaaaaaaaaaaaaaaaaaaaaaaaaaaaaaaaaaaaaaaaa> aaaaaaaaaaaaaaaaaaaaaaaaaaaaaaaaaaaaaaaaaaaaaaaaaaaaaaaaaaaaaaa> aaaaaaaaaaaaaaaaaaaaaaaaaaaaaaaaaaaaaaaaaaaaaaaaaaaaaaaaaaa> aaaaaaaaaaaaaaaaaa> aaa> aaaaaaaaaaaaaaaaaaaa> aaaaaaaaaaaaaaaaaaaaaaaaaaaaaaaaaaaaaaaaaaaaaaaaaaaaaaaaaaaaaaaaaaaaaaaa> aaaaaaaaaaaaaaaaaaaaaaaaaaaaaaaaaaaaaaaaaaaaaaaaaaaaaaaaaaaaaaaaaaaaaaaaaaaaaaaaaaaaaaaaaa> aaaaaaaaaaa> aaaaaaaaaaaaaaaaaaaaaaaaaaaaaaaaaaaaaaaaaaaaaaaaaaaa> aaaaaaaaaaaaaaaaaaaaaaaaaaaaaaaaaaaaaaaaaaaaaaaaaaaaaaaaaaaaaaaa> aaaaaaaaaaaaaaaaaaaaaaaaaaaaaaaaaaaaaaaaaaaaaaaaaaaaaaaaaa> aaaaaaaaaaaaaaaaaaaaaaaaaaaaaaaaaaaaaaaaaaaaaaaaaaaaaaaaaaaaaaaaaaaaaaaaaaaa> aaaaaaaaaaaaaaaaaaaaaaaaaaaaaaaaaaaaaaaaaaaaaaaaaaaaaaaaaaaaaaaaaaaaa> aaaaaaaaaaaaaaaaaaaaaa> aaaaaaaaaaaaaaaaaaaaaaaaaaaaaaaaaaaaaaaaaaaaaaaaaaaaaaaaaaaaaaaaaaaaaaaaaaaaaaaaaaaaaaaaaaaaa> aaaaaaaaaaaaaaaaaaaaaaaaaaaaaaaaaaaaaaaaaaaaaaaaaaaaaaaa> aaaaaaaaaaaaaaaaaa> aaaaaaaaa> aaaaaaaaaaaaaaaaaaaaa> aaaaaaaaaaaaa> aaaaaaaaaaaaaaaaaaaaaaaaaaa> aaaa> aa> aaaaaaaaaaaaaaaaaaaaaaaaaaaaaaaaaaaaaaaaaaaaaaaaaaaaaaaaaaaaaaaaaa> aaaaaaaaaaaaaaaaaaaaaaaaaaaaaaaaaaaaaaaaaaaaaaaaaaaaaaaaaaaaaaaaaaaaaaaaaaaaaaaaaa> aaaaaaaaaaaaaaaaaaa> aaaaaaaaaaaaaaaaaaaaaaaaaaaaaaaaaaaaaaaaaaaaaaaaaaaaaaaaaaaaaaaaaaaaaaaaaaaaaaaaaaa> aaaaaaaa> aaaaaaaaaaaaaaaaaaaaaaaa> aaaaaaaaaa> aaaaaaaaaaaaaaaaaaaaaaaaaaaaaa> aaaaaaaaaaaaaaaaaaaaaaaaaaaaaaaaaaaaaaa> aaaaaaaaaaaaaaaaaaaa> aaaaaaaaaaaaaaaaaaaaaaaaaaaaaaaaaaaaaaaaaaa> aaaaaaaaaaaaaaaaaaaaaaaaaaa> aaaaaaaaaaaaaaaaaaaaaaaaaaaaaaaaaaaaaaaaaaaaaaaaaaaaaaaaaaaaa> aaaaaaa> aaaaaaaaaaaaaaaaaaaaaaaaaaaaaaaaaaaaaaaaaaaaaaaaaaaaaaaaaaaaaaaaaaaaaaaaaaaaaaaaaaaaa> aaaaaaaaaaaaaaaaaaaaaaaaaaaaaaaaaaaaaaaa> aaaaaaaaaaaaaaaaaaaaaaaaaaaaaaaaaaaaaaaaaaaaaaaaaaaaa> aaaaaaaaaaaaaaaaaaaaaaaaaaaaaaaaaaaaaaaaaaaaaaaaaaaaaaaaaaaaaaaaaaaaaaaaaaaaaaaaaaaa> aaaaaaa> aaaaaaaaaaaaaaaaaaaaaaaaaaaaaaaaaaaaaaaaaaaaaaaaaaaaaaaaaaaa> aaaaaaaaaaaaaaaaaaaaaaaa> aaaaaaaaaaaaaaaaaaaaaaaaaaaaaaaaaaaaaaaaaaaaaaaaaaaaaaaaaaaaaaaaaaaaaaaaaaaa> aaaaaaaaaaaaaaaaaaaaaaaaaaaaaaaaaaaa> aaaaaaaaaaaaaaaaaaaaaaaaaaaaaaaaaaaaaaaaaaaaaaaaaaaaa> aaaaaaaaaaaaaaaaaaaaaaaaaaaaaaaaaaaaaaaaaaaaaaaaaaaaaaaaaaaaaaaaaaaaaaaaaaaaaaaaaaaaaaaaa> aaaaaaaaaaaaaaaaa> aaaaaaaaaaaaaaaaaaaaaaaaaaaaaaaaaaaaaaaaaaaaaaaaaaaaaaa> aaaaaaaaaaaaaaaaaaaaaaaaaaaaaaaaaaaaaaaaaaaaaaa> aaaaaaaaaaaaaaaaaaaaaaaaaaaaaaaaaaaaaaaa> aaaaaaaaaaaaaaaaaaaaaaaaaaaaaaaaaaaaaaaaaaaaaaaaaaaaaa> aaaaaaaaaaaaaaaaaaaaaaaaaaaaaaaaaaaaaaaaaaaaaaaa> aaaaaaaaaaaaaaaaaaaaaaaaaaaaaaaaaaaaaaaaaaaaaaaaaaaaaaaaaaaaaaaaaaaa> aaaaaaaaaaaaaaaaaaaaaaaaaaaaaaaaaaaaaaaaaaaaaaaaaa> aaaaaaaaaa> aaaaaaaaaaaaaaaaaaaaaaaaaaaaaaaaaaaaaaaaaaaa> aaaaaaaaaaaaaaaaaaaaaaaaaaaaaaaaaaaaaaaaaaaaaaaaaaaaaaaaaaaaaaaaaa> aaaaaaaa> aaaaaaaaaaaaaaaaaaaaaaaaaaaaaaaaaaaaaaaaaaaaaaaaaaaaaaaaaaaaaaaaaaaaaaaaaaaaa> aaaaaaaaaaaaaaaaaaaaaaaaaaa> aaaaaaaaaaaaaaaaaaaaaaaaaaaaaa> aaaaaaaaaaaaaaaaaaaaaaaaaaaaaaaaaaaaaaaaaaaaaaaaaaaaaaaaaaaaaaaaaaaaaaaaaaaaaaaaaaaaa> aaaaaaaaaaaaaaaaaaaaaaaaaaaaaaaaaaaaaaaaaaaaaaaaaaaaaaaaaaaaaaaaaaaaaaaaaaaaaaaaaaaaaaaaaaa> aaaaaaaaaaaaaaaaaaaaaaaaaaaaaaaaaaaaaaaaaaaaaaaaaaaaaaaaaaaaaaaaaaaaaaaaaaaaaaaaaaaaaaaaaaaaaaaaaaa> aaaaa> aaaaaaaaaaaaaaaaaaaaaaaa> aaaaaaaaaaaaaaaaaaaaaaaaaaaaaaaaaaaaaaaaaaaaaaaaa> aaaaaaaaaaaaaaaaaaaaaaaaaaaaaaaaaaaaaaaaaaaaaaaaaaaaaaaaaaaaaaaaaaa> aaaaaaaaaaaaaaaaaaaaaaaaaaaaaaaaaaaaaaaaaaaaaaaaaaaaaaaaaaaaaaaaaaaaaaaaaaaaaaaaaaaaa> aaaaaaaaaaaaaaaaaaaaaaaaaaaaaaaaaaaaaaaaa> aaaaaaaaaaaaaaaaaaaaaaaaaaaaaaaaaaaaaaaaaaaaaaaaaaaaaaaaaaaaaaaaaaaaaaaaaaaaaaaaaaaaaaaaaaaaaa> aaaaaaaaaaaaaaaaaaaa> aaaaaaaaaaaaaaaaaaaaaaaaaaaaaaaaaaaaaaaaaaaaaaaaaaaaaaaaaaaa> aaaaaaaa> aaaaaaaaaaaaaaaaa> aaaaaaaaaaaaaaaaaaaaaaaaaaaaaaaaaaaaaaaaaaaaaaaaaaaaaaaaaaa> aaaaaaaaaaaaaaaaaaaaaaaaaaaaaaaaaaaaaaaaaaaaaaaaaaaaaa> aaaaaaaaaaaaaaaaaaaaaaaaaaaaaaaaaaaaaaaaaaaaaaaaaaaaaaaaaa> aaaaaaaaaaaaaaaaaaaaaaaaaaaaaaaaaaaaaaaaaaa> aaaaaaaaaaaaaaaaaaaaaaaaaaaaaaaa> aaaaaaaaaaaaaaaaaaaaaaaaaaa> aaaaaaaaaaaaaaaaaaaaaaaaaaaa> aaaaaaaaaaaaaaaaaa> aaaaaaaaaaaaaaaaaaaaaaaaaaaaaaaaaaaaaaaaaaaaaaaaaaaaaaaaaaaaaaaa> aaa> aaaaaaaaaaaaaaaaaaaaaaaaaaaaaaaaaaaaaaaaaaaaaaaaaaaaaaaaaaaaaaaa> aaaaaaaaaaa> aaaaaaaaaaaaaaaaaaaaaaaaaa> aaaaaaaaaaaaaaaaaa> aaaaaaaaaaaaaaaaaaaaaaaaaaaaaaaaaaaaaaaaaaaaaaaaaaaaaaaaaaaaaaaa> aaaaaaaaaaaaaaaaaaaaaaaaaaaaaaaaaaaaaaaaaaaaaaaaaaaaaaaaaaaaaaaaaaaaaaaaaaaaaaaaaaaaaaaaaaaa> aaaaaaaaaaaaaaaaaaaaaaaaaaaaaaaaaaaaaaaaaaaaaaaaaaaaaaaaaaaaaaaaaaaaaaaaaaaaaaaaaaaaaaaaaa> aaaaaaaaaaaaaaaaaaaaaaaaaaaaaaaaaaaaaaaaaaaaaaaaaaaaaaaaaaaaaaaaa> aaaaaaaaaaaaaaaaaaaaaaaaaaaaaaaaaaaaaaaaaaaaaaaaaaaaaaaaaaaaaaaaaaaaaaaaaaaaaaaaaaaaaaaaaaaaaaaaaa> aaaaaaaaaaaaaaaaaaaaaaaaaaaaaaaaaaaaaaaaaaaaaaaaaaaaaaaaaaaaaaaaaaaaaaaaaaaaaaaa> aaaaaaaaaaaaaaaaaaaaaaaaaaaaaaaaaaaaaaaaaaaaaaaaaaaaaaaaaaaaaaaaaaaaaaaaaaaaaaaaa> aaaaaaaaaaaaaaaaaaaaaaaaaa> aaaaaaaaaaaaaaaaaaaaaaaaa> aaaaaaaaaaaaaaaaaaaaaaaaaaaaaaaaaaaaaaaaaaaaaaaaaaaaaaaaaaaa> aaaaaaaaaaaaaaaaaaaaaaaaaaaaaaaaaaaaaaaaaaaaaaaaaaaaaaaaaaaaaaaaaaaaa> aaaaaaaaaaaaaaaaaaaaaaaaaaaaaaaaaaaaaaaaaaaaaaaaa> aa> aaaaaaaaaaaaaaaaaaaaaaaaaaaaaaaaaaaaaaaaaaaaaaaaaaaaaaaaaaaaaaaaa> aaaaaaaaaaaaaaaaaaaaaaaaaaaaaaaaaaaa> aaaaaaaaaaaaaaaaaaaaaaaaaaaaaa> aaaaaaaaaaaaaaaaaaaaaaaaaa> aaaaaaaaaaaaaaaaaaaaaaaaaaaaaaaaaaaaaaaaaaaaaaaaaaaaaaaaaaaaaaaaaaa> aaaaaaaaaaaaaaaaaaaaaaaaaa> aaaaaaaaaaaaaaaaaaaaaaaaaaaaaaaaaaaaaaaaaaaaaaaaa> aaaaaaaaaaaaaaaaaaaaaaaaaaaaaaaaaaaaaaaaaaaaaaaa> aaaa> aaaaaaaaaaaaaaaaaaaaaaaaaaaaaaaaaaaaaaaaaaaaaaaaaaaaaaaaaaaaaaaaaaaaaaaaaaaaaaaaaaaa> aaaaaaaaaaaaaaaaaaaaaaaaaaaaaaaaaaaaaaaaaaaaaaaaaaaaaaaaaaaaaaaaaa> aaaaaaaaaaaaaaaaaaaaaaaaaaaaaaaaaaaaaaaaaaaaaaaaaaaaaaaaaaaaaaaaaaaa> aaaaaaaaaaaaa> aaaaaaaaaaaaaaaaaaaaaaaaaaaaaaaaaaaaaaaa> aaaa> aaaaaaaaaaaaaaaaaaaaaaa> aaaaaaaaaaaaaaaaaaaaaaaaaaaaaaaaaaaaaaaaaaaaaaaaaaaaaaaaaaaaaaaaa> aaa> aaaaaaaaaaaaaaaaaaaaaaaaaaaa> aaaaaaaaaaaaaaaaaaaaaaaaa> aaaaaaaaaaaaaaaaaaaaaaaaaaaaaaaaaa> aaaaaaaaaaaaaaaaaaaaaaaaaaaaaaaaaaaaaaaaaaaaaaaaaaaaaaaaaaaaaaaaaaaaaaaaaaaaaaaaaaaaaaa> aaaaaaaaaaaaaaaaaaaaaaaaaaaaaaaaaaaaaaaaaaaaaaaaaaaaaaaaaaaaaaaaaaaaaaa> aaa> aaaaaaaaaaaaaaaaaaaaaaaaaaaa> aaaaaaaaaaaaaaaaaaaaaaaaaaaaaaaaaaaaaaaaaaaaaaaaaaaaaaaaaaaaaaaaaaaaaaaaaaaaaaaaaaaaaaaaaaaaaa> aaaaaaaaaaaaaaaaaaaaaaaaaaa> aaaaaaaaaaaaaaaaaaaaaaaaaaaaaaaaaaaaaaaaaaaaaaaaaaaaaaaaaaaaaaaaaaaaaaaaaaaaaaaaa> aaaaaaaaaaaaaaaaaaaaaaaaaaaaaaaaaaaaaaaaaaaaaaaaaaaaaaaaaaaaaaaaaaaaaaaaaaaaaaaaaaaaaa> aaaaaaaaaaaaaaaaaaaaaaaaaaaaaaaaaaaaaaaaaaaaaaaaaaaaaaaaaaaaaaaaa> aaaaaaaaaaaaaaa> aaaaaaaaaaaaaaaaaaaaaaaaaaaaaaaaaaaaaaaaaaaaaaaaaaaaaaaaaaaaaaaaaaaaaaaa> aaaaaaaaaaaaaaaaaaaaaaaaaaaaaaaaaaaaaa> aaaaaaaaaaaaaaaaaaaaaaaaaaaaaaaaaaaaaaaaaaaaaaaaaaaaaaaaaaaaaaaaaaaaaaaaaa> aaaaaaaaaaaaaaaaaaaaaaaaaaaaaaaaaaaaaaaaaaaaaaaaaaaaaaaaaaaaa> aaaaaaaaaaaaaaaaaaaaaaaaaaaaaaaaaaaaaaaaaaaaaaaaaaaaaaaaaaaaaaaaa> aaaaaaaaaaaaaaaaaaaaaaaaaaaaaaaaaaaaaaaaaaaaaaa> aaaaaaaaaaaaaaaaaaaaaa> aaaaaaaaaaaaaaaaaaaaaaaaaaaa> aaaaaaaaaaaaaaaaaaaaaaaaaaaaaaaaaaaaaaaaaaaaaaaaaaaaaaaaaaaaaaaaaaa> aaaaaaaaaaaaaaaaaaaaaaaaaaaaaaaaaaaaaaaaaaaaaaaaaaaaaaaaaaaaaaaaaaaaaaa> aaaaaaaaaaaaaaaaaaaaaaaaaaaaaaaa> aaaaaaaaaaaaaaaaaaaaaaaaaaaaaaaaaaaaaaaaaaaaaaaaaaaaaaaaaaaaaaaaaaaaaaaaaaaaaaaaaaaaaaaaaaaaaaaaaa> aaaaaaaaaaaaaaaaaaaaaaaaaaaaaaaa> aaaaaaaaaaaaaaaaaaaaaaaaaaaaaaaaaaaaaaaaaaaaaaaaaaaaaaaaaaaaaaaaaaaaaaaaaaaaaaa> aaaaaaaaaaaaaaaaaaaaaaaaaaaaaaaaaaaaaaaaaaaaaaaaaaaaaaaaaaaaaaaaaaaaaaaaaa> aaaaaaaaaaaaaaaaaaaaaaaaaaaaaaaaaaaaaaaaaaaaaaaaaaaaaaaaaaaaaaaaaaaaaa> aaaaaaaaaaaaaaaaaaaaaaaaaaaaaaaaaaaaaa> aaaaaaa> aaaaaaaaaaaaaaaaaaaaaaaaaaaaaaaaaaaaaaaaaaaaaaaaaaaaaaaaaaaaaaaaaaaaaaaaaaaaaaaaa> aaaaa> aaaaaaaaaaaaaaaaaaaaaaaaaaaaaaaa> aaaaaaaaaaaaaaaaaaaaaaaaaaaaaaaaaaaaaaaaaaaaaaaaaaaaaaaaaaaaaaaaaaaaaaaaaaaaaaaaaaaaaaaaaaaaaaaaaa> aaaaaaaaaaaaaaaaaaaaaaaaaaaaaaaaaaaaaaaaaaaaaaaaaaaaaaaaaaaaaaaa> aaaaaaaaaaaaaaaaaaaaaaaaaaaaaaaaaaaaaaaaaaaaaaaaaa> aaaaaaaaaaaaaaaaaaaaaaaaaaaaaa> aaaaaaaaaaaaaaaaaa> aaaaaaaaaaaaaaaaaaaaaaaaaaaaaaaaaaaaaaaaaaaaaaaaaaaaaaaaaa> aaaaaaaaaaaaaaaaaaaaaaaaaaaaaaaaaaaaaaaaaaaaaaaaaaaaaa> aaaaaaaaaaaaaaaaaaa> aaaaaaaaaaaaaaaaaaaaaaaaaaaaaaaaaaaaaaaaaaaaaaaaaaaaaaaaaaaaaaaaa> aaaaaaaaaaaaaaaaaaaaaaaaaaaaaaaaaaaaaaaaa> aaaaaaaaaaaaaa> aaaaaaaaaaaaaaaaaaaaaaaaaaaaaaaaaaaaaaaaaaaaaaaaaaaaaaaaaaaaaaaaaaaaaaa> aaaaaaaaaaaaaaaaaaaaaaaaaaaaaaaaaaaaaaaaaaaaaaaaaaaaaaaaaaaaaaaaaaaaaaaaaaaaaaaaaaaaaaaaaaaaaaaa> aaaaaaaaaaaaaaaaaaaaaaaaaaaaaaaaaaaaaaaaaaaaaaaaaaaaaaaaaaaaaaaaaaaaaaaaaaaaaaaaaaaaaaaaaaaaa> aaaaaaaaaaaaaaaaaaaaaaaaaaaaaaaaaaaaaaaaaaaaaaaaaaaaaaaaaaaaaaaaaaaaaaaaaaaaaaaa> aaaaaaaaaaaaaaaaaaaa> aaaaaaaaa> aaaaaaaaaaaaaaaaaaaaaaaaaaaaaaaaaaaaaaaaaaaaaaaaa> aaaaaaaaaaaaaaaaaaaaaaaaaaaaaaaaaaaaaaa> aaaaaaaaaaaaaaaaaaaaaaaaaaaaaaaaaaaaaaaaaaaaaaaaaaaaaaaaaaaaaaaaaaaaaaaaaaaaaa> aaaaaaaaaaaaaaaaaaaaaaaaaaaaaaaaaaaaaaaaaaaaaaaaaaaaaaaaaaaaaa> aaaaaaaaaaaaaaaaaaaaaaaaaaaaaaaaaaaaaaaaaaaaaaaa> aaaaaaaaaaaa> aaaaaaaaaaaaaaaaaaaaaaaaaaaaaaaaaaaaaaaaaaaaaaaaaaaaaaaaaaaaa> aaaaaaaaaa> aaaaaaaaaaaaaaaaaa> aaaaaaaaaaaaaaaaaaaaaaaaaaaaaaaaaaaaaaaaaaaaaaaaaaaaaaaaaaaaaaaaaaaaa> aaaaaaaaaaaaaaaaaaaaa> aaaaaaaaaaaaaaaaaaaaaaaaaaaaaaaaaaaaaaaaaaaaaaaaaaaaaaaaaaa> aaaaaaaaaaaaaaaaaaaaaaaaaaaaaaaaaaaaaaaaaaaaaaaaaaaaaaaaaaaaaaaaaaaaaaaaaaaaaaaaaaaaaaaaaaaaaaaa> aaaaaaaaaaaaaaaaaaaaaaaaaaaaaaaaaaaaaaaaaaaaaaaaaaaaaaaaaaaaaaaaaaaaaaaaaaaaaaaaaaa> aaaaaaaaaaaaaaaaaaaaaaaaaaaaaaaaaaaaaaaaaaaaaaaaaaaaaaaaaaaa> aaaaaaaaaaaaaaaaaaaaaaaaaaaaaaaaaaaaaaaaaa> aaaaaaaaaaaaaaaaaaaaaaaaaaaaaaaaaaaaaaaaaaaaaaaaaaaaaaaaaaaaaaaaaaaaaaaaaaaaaaaaaaaaaaaaaaa> aaaaaaaaaaaaaaaaaaaaaaaaaaaaaaaaaaaaaaaaaaaa> aaaa> aaaaaaaaaaaaaaaaaaaaaaaaaaaaa> aaaaaaaaaaaaa> aaaaaaaaaaaaaaaaaaaaaaaaaaaaaaaaa> aaaaaaaaaaaaaaaaaaaaaaaaaaaaaaaaaaaaaaaaaaaaaaaaaaaaaaa> aaaaaaaaaaaaaaaaaaaaaaaaaaaaaaaaaaaaaaaaaaaaaaaaaaaaaaaaaaaaaaaaaaaaaaaaaaaaaaaaaaaa> aaaaaaaaaaaaaaaaaaaaaaaaaaaaaaaaaaaaaaaaaaaaaaaaaaaaaaaaaaaaaaaaaaaaaaaaaaaaaaaaaaaaaaaaaaaaaaaaaaa> aaaaaaaaaaaaaaaaaaaaa> aaaaaaaaaaaaaaaaaaaaaaaaaaaaaaaaaaaaaaaaaaaaaaaaaaaaaaaaaa> aaaaaaaaaaaaaaaaaaaaaaaaaaaaaaaaaaaaaaaaaaaaaaaaaaaaaaaaaa> aaaaaaaaaaaaaaaaaaaaaaaaaaaaaaaaaaaaaaaaaaaaaaaaaaaaaaaaaaaaaaaaaaaaaaaaaaaaaaaaaaaaaaaa> aaaaaaaaaaaaaaaaaaaaaaaaaaaaaaaaaaaaaaaaaaaaaaaaaaaaa> aaaaaaaaaaaaaaaaaaaaaaaaaaaaaaaaaaaaaaaaaaaaaaaaaaaaaaaaaaaaaaaaaaaaaaaaaaaaaaaaaa> aaaaaaaaaaaaaaaaaaaaaaaaaaaaaaaaaaaaaaaaaaaaaaaaaaaaaaaaaaaaaaaaaaaaaaaaaaaaaaaaaaaaaaaaaaaaaaaaaaaa> aaaaaaaaa> aaaaaa> aaaaaaaaaaaaaaaaaaaaaaaaaaaaaaaaaaaaaaaaaaaaaaaaaaaaaaaaaaaaaaaaaaaaaaaaaaaaaaaaaaaaa> aaaaaaaaaaaaaaaaaaaaa> aaaaaaaaaaaaaaaaaaaaaaaaaaaaaa> aaaaaaaaaaaaaaaaaaaaaaaaaaaaaaaaaaaaaaaaaa> aaaaaaaaaaaaaaa> aaaaaaaaaaaaaaaaaaaaaaaaaaaaaaaaaaaaa> aaaaaaaaaaaaaaaa> aaaaaaaaaaaaaaaaaaaaaaaaaaaaaaaaaaaaaaaaaaaaaaaaaaaaaaaaaaaaaaaaaaaaaaaaa> aaaaaaaaaaaaaaaaaaaaaaaaaaaaaaaaaaaaaaaaaaaaaaaaaa> aaaaaaaaaaaaaaaaaaaaaaaaaaaaa> aaaaaaaaaaaaaaaaaaaaaaaaaaaaaaaaaaaaaaaaaaaaaaaaaaaaaaaaaaaaaaaaaaaaaaaaaaa> aaaaaaaaaaaaaaaaaaaaaaaaaaaaaaaaaaaaaaaaaaaaaaa> aaaaaaaaaaaaaaaaaaaaaaaaaaaaaaaaaaaaaaaaaaaaaaaaaaaaaaaaaaaaaaaaaaaaaaaaaaaaaaaaaa> aaaaaaaaaaaaaaaaaaaaaaaaaaaaaaaaaaaaa> aaaaaaaaaaaaaaaaaaaaaaaaaaaaaaaaaaaaaaaaaaaaaaaaaaaaaaaaaaa> aaaaaaaaaaaaaaaaaaaaaaaaaaaaaaaaaaaaaaaaaaaaaaaaaaaaaaaaaaaaaaaaaaaaaaaa> aaaaaaaaaaaaaaaaaaaaaaaaaaaaaaaaaa> aaaaaaaaaaaaaaaaaaaaaa> aaaaaaaaaaaaaaaaaaaaaaaaaaaaaaaaaaaaaaaaaaaaaaaaaaaaaaaaaaaaaaaaaaaaa> aaaaaaaaaaaaaaaaaaaaaaaaaaaaaaaaaaaaaaaaaaaaaaaaaaaaaaaaaaaaaaaaaaaaaaaaaaaaa> aaaaaaaaaaaaaaaaa> aaaaaaaaaaaaaaaaaaaaaaaaaaaaaaaaaaaaaaaaaa> aaaaaaaaaaaaaaaaaaaaaaaaaaaaaaaaaaaaaaaaaaaaaaaaaaaaaaaaaaaaaaaaaaaaaaaaaaaa> aaaa> aaaaaaaaaaaaaaaaaaaaaaaaaaaaaaaaaaaaa> aaaaaaaaaaaaaaaaaaaaaaaaaaaaaaaaaaaaaaaaaaaaaa> aaaaaaaaaaaaaaaaaaaaaaaaaaaaaaaaaaaaaaaaaaaaaaaaaaaaaaaaaaaaaaaaaaaa> aaaaaaaaaaaaaaaaaaaaaaaaaaaaaaaaaaaaaaaaaaaaaaaaaaaaaaaaaaaaaaaaaaaaaa> aaaaaaaaaaaaaaaaaaa> aaaaaaaaaaaaaaaaaaaaaaaaaaaaaaaaaaaaaaaaa> aaaaaaaaaaaaaaaaaaaaaaaaaaaaaaaaaaaaaa> aaaaaaaaaaaaaaaaaaaaaaaaaaaaaaaaaaaaaaaaaaaaaaaaaaaaaaaaaaaaaaa> aaaaaaaaaaaaaaaaaaaaaaaaaaaaaaaaaaaaaaaaaaaaaaaaaaaaaaaaaaaaaaaaaaaaaaa> aaaaaaaaaaaaaaaaaaaaaaaaaaaaaaaaaaaaaaaaaa> aaaaaaaaaaaaaaaaaaaaaaaaaaaaaaaaaaaaaaaaaaaaaa> aaaaaaaaaaaaaaaaaaaaaaaaaaaaaaaaaaaaaaaaaaaaaaaaaaaaaaaaaaaaaaaaaaaaaaaaaaaaaaaaaaaaa> aaaaaaaaaaaaaaaaaaaaaaaaaaaaaaaaaaaaaaa> aaaaaaaaaaaaaaaaaaaaaaaaaaaaaaaaaaaaaaaaaaaaaaaaaaaaaaaaaaaaaaaaaaaaaaaaaaaaaaaaaa> aaaaaaaaaaaaaaaaaaaaaaaaaaaaaaaaaaaaaaaaaaaaaaaaaaaaaaaaaaaaaaaaaa> a> aaaaaaaaaaaaaaaaaaaaaaaaaaaaaaaaaaaaaaaaaaa> aaaaaaaaaaaaaaaaaaaaaaaaaaaaaaaaaaaaaa> aaaaaaaaaaaaaaaaaaaaaaaaaaaaaaaaaaaaaaaaaaaaaaaaaaaaaaaaaaa> aaaaaaaaaaaaaaaaaaaaaaaaaaaaaaaaaaaaaaaaaaaaaaaaaaaaaa> aaaaaaaaaaaaaaaaaaaaaaaaaaaaaaaaaaaaaaaaaaaaaaaaaaaaaaaaaaaaaaaaaaaaaaaaaaaaaaaaaaaaaaaa> aaaaaaaaaaaaaaaaaaaaaaaaaaaaaaaaaaaaaaaaaaaaaaaaaaaaaaaaaaaaaaaaaaaaaaaaaaaaaaaaaaaaaaaaaaaaaaaaa> aaaaaaaaaaaaaaaaaa> aaaaa> aaaaa> aaaaaaaaaaaaaaaaaaaaaaaaaaaaaaaaaaaaaaaaaaaaaaaaaaaaaaaaaaaaaaa> aaaaaaaaaaaaaaaaaaaaaaaaaaaaaaaaaaaaaaaaaaaaaaaaaaaaaaaaaaaaaaaaaaaaaaaaaaaa> aaaaaaaaaaaaaaaaaaaaaaaaaaaaaaaaaaaa> aaaaaaaaaaaaaaaaaaaaaaaaaaaaaaaaaaaaaaaaaaaaaaaaaaaaaaaaaaaaaaaaaaaaaaaaa> aaaaaaaaaaaaaaaaaaaaaaaaaaaaaaaaaaaaaaaaaaaaaaaaaaaaaaaaaaaaaaaaaaaaaaaaaaaaaaaaaaaaaaaaaaaaaaaa> aaaaaaaaaaaaaaaaaaaaaaaaaaaaaaaaaaaaaaaaaaaaaaaaaaaaaaaaaaaaaaa> aaaaa> aaaaaaaaaaaaaaaaaaaaaaaaaaaaaaaaaaaaaaaaaaaaaaaaaaaaaaaaa> aaaaaa> aaaaaaaaaaaaaaa> aaaaaaaa> aaaaaaaaaaaaaaaaaaaaaaaaaaaaaaaaaaaaaaaaaaaaaaaaaaaaaaaaaaaaaaaaaaaaaaaaaaaaaaaaaaaaaaaaaaaa> a> aaaaaa> aaaaaaaaaaaaaaaaaaaaaaaaaaaaaaaaaaaaaa> aaaaaaaaaaaaaaaaaaaaaaaaaaaaaaaaaaaaaaaaaaaaaaaaaaaaaaaaaaaaaaaaaaaaaaaaaaaaaaaaaaaaa> aaaaaaaaaaaaaaaaaaaaaaaaaaaaaaaaaaaaaaaaaaaaaaaaaaaaaaaaaaaaaaaaa> aaaaaaaaaaaaaaaaaaaaaaaaaa> aaaaaaaaaaaaaaaaaaaaaaaaaaaaaaaaaaaaaaaaaaaaaaaaaaaaaaaaaaaaaaaaaaaaaaaaaaaaaaaaaaaaaaaaaa> aaaaaaaaaaaaaaaa> aaaaaaaaaaaaaaaaaaaaaaaaaaaaaaaaaaa> aaaaaaaaaaaaaaaaaaaaaaaaaaaaaaaaaaaaaaaaaaaaaaaaaaaaaaaaaaaaaaaaaaaaaaaaaaa> aaaaaaaaaaaaaaaaaaaaaaaaaaaaaaaaaa> aaaaaaaaaaaaaaaaaaaaaaaaaaaaaaaaaaaaaaaaaaaaaaaaa> aaaaaaaaaaaaaaaaaaaaaaaaaaaaaaaaaaaaaaaaaaaaaaaaaaaaaaaaaaaaaaaaaaaaaaaaaaaaaaaaaaaa> aaaaaaaaaaaaaaaaaaaaaaaaaaaaaaaaaaaaaaaaaaaaaaaaaaaaaaaaaaaaaaa> aaaaaaaaaaaa> aaaaaaaaaaaaaaaaaaaaaaaaaaaaaaaaaaaaaaaaaaaaaaaaaaaaaaaaaaaaaaaaaaaaaaaaaaaaaaaaaaa> aaaaaaaaaaaaaaa> aaaaaaaaaaaaaaaaaaaaaaaaaaaaaaaaaaaaaaaaaaaa> aaaaaaaaaaaaaaaaaaaaaaaaaaaaaaaaaaaaaaaaaaaaaaaaaaaaaaaaaaaaaaaaaaaaaaaaaaaaaaaaaaaaaaaaaaaaaaaaaaa> aaaaaaaaaaaaaaaaaaaaaaaaaaaaaaaaaaaaaaaaaaaaaaaaaaaaaaaaaaaaaaaaaaaaaaaaaaaaaaaaaaaaaaaaaaaaaaaaaaaa> aaaaaaaaaaaaaaaaaaaaaaaaaaaaaaaaaaaaaaaaaaaaaaaaaaaaaaaaa> aaaaaaa> aaaaaaaaaaaaaaaaaaaaaaaaaaaaaaaaaaaaaaaaaaaaaaaaaaaaaaaaaaaaaaaaaaaaaaaaaaaaaaaa> aaaaaaaaaaaaaaaaaaaaaaa> aaaaaaaaaaaaaaaaaaaaaaaaaaaaaaaaaaaaaaaaaaaaaaaaaaaaaaaaaaaaaaaaaaaaaaaaaaaaaaaaaaaaaaaaaaaaaaaaaaaa> aaaaa> aaaaaaaaaaaaaaaaaaaaaaaaaaaaaaaaaaaaaaaaaaaaaaaaaaaaaaaaaaaaaaaaaaaaaaaaaaaaaaaaaaaaaaaaaaaaaaaaaaaa> aaaa> aa> aaaaaaaaaaaaaaaaaaaaaaaaaaaaaa> aaaaaaaaaaaaaaaaa> aaaaaaaaaaaaaaaaaaaaaaaaaaaaaaaaaaaaaaaaaaaaaaa> aaaaaaaaaaaaaaaaaaaaaaaaaaaaaaaaaaaaaaaaaaaaaaaaaaaaaaaaaaaaaaaaaaaaaaaaaaaaaaaaaaaaaaa> aaaaaaaaaaaaaaaaaaaaaaaaaaaaaaaaaaaa> aaaaaaaaaaaaaaaaaaaaaaaaaaaaaaaaaaaaaaaaaaaaaaaaaaaaaaaaaaaaaaaaaaaaaaaaaaaaaaaaaaaaaaaaaaaa> aaaaaaaaaaaaaaaaaaaaaaaaaaaaaaaaaaaaaaaaaa> aaaaaaaaaaaaaaaaaaaaaaaaaaaaaaaaaaaaaaaaaaaaaaaaaaaaaaaaaaaaaaaaaaaaaa> aaaaaaaaaaaaaaaaaaaaaaaaaaaaaaaaaaaaaaaaaaaaaaaaaaaaaaaaaaaaaaaaaaaaaaaaaaaaaaaaaa> aaaaaaaaaaaaaaaaaaaaaa> aaaaaaaaaaaaaaaaaaaaaaaaaaaaaaaaaaaaaaaaa> aaaaaaaaaaaaaaaaaaaaaaaaaaaaaaaaaaaaaa> aaaaaaaaaaaaaaaaaaaaaaaaaaaaaaaaaaaaaaaaaaaaaaaaaaaaaaaaaaaaaaaaaaaaaaaaaaaaa> aaaaaaaaaaaaaaaaaaaaaaaaaaaaaaaaaaaaaaaaaaaaaaaaaaaaaaaaaaaaaaaaaaaaaaaaaaaaaaaaaaaaaaaaa> aaaaaaaaaaaaaaaaaaaaaaaaaaaaaaaaaaaaaaaaaaaaaaaaaaaaaaaaaaaaaaaaaaaaaaaaaaaaaaaaaaaaaaaaaaaaaaaaa> aaaaaaaaaaaaaaaaaaaaaaaaaaaaaaaaaaaaaaaaaaaaaaaaaaaaaaaaaaaaaaaaaaaaaaaaaaaaaaaaaaaaaaaaaaaa> aaaaaaaaaaaaaaaaaaaaaaaaaaaaaaaaaaaaaaaaaaaaaaaaaaaaaaaaaaaaaaaaaaaaaaaaaaaaaaaaaaaaaaaaaa> aaaaaaaaaaaaaaaaaaaaaaaaaaaaaaaaaaaaaaaaaaaaaaaaaaaaaaaaaa> aaaaaaaaaaaaaaaaaaaaaaaaaaaaaaaaaaaaaaaaaaaaaaaaaaaaaaaaaaaaaaaaaaaaaaaaaaaaaaaaa> aaaaaaaa> aaaaaaaaaaaaaaaaaaaaaaaaaaaaaaaaaaaaaaaaaaaaaaaaaaaaaaaaaaaaaaaaaaaaaaaaaaaaaaaaaaaaaaaa> aaaaaaaaaaaaaaaaaaaaaaaaaaaaaaaaaaaaaaaaaaaaaaaaaaaaaaaaaaaaaaaaaaaaaaaaaaaaa> aaaaa> aaaaaaaaaaa> aaaaaaaaaaaaaaaaaaaaaaaaaaaaaaaaaaaaaaaaaaaaaaaaaaaaaaaaaaaaaaaaaaaaaaaaaaaaaaaaaaaaaaaaaaaaaaaa> aaaaaaaaaaaaaaaaaaaaaaaaaaaaaaaaaaaaaaaaaaaaaaaaaaaaaaaaaaaaaaaaaaaaaaa> aaaaaaaaaaaaaaaaaaaaaaaaaaaaaaaaaaaaaaaaaaaaaaaaaaaaaaaaaaaaaaaa> aaaaaaaaaaaaaaaaaaaaaaaaaaaaaaaaaaaaaaaaaaaaaaaaaaaaaaaaaaaaaa> aaaaaaaaaaaaaaaaaaaaa> aaaaaaaaaaaaaaaaaaaaaaaaaaaaaaaaaaaaaaaaaaaaaaaaaaaaaaaaaaaaa> aaaaaaaaaaaaaaaaaaaaaaaaaaaaaaaaaaaaaaaaa> aaaaaaaaaaaaaaaaaaaaaaaaaaaaaaaaaaaaaaaaaaaaaaaaaaaaa> [32m.[39m[32m.[39m[32m.[39m[32m.[39m[32m.[39m[32m.[39m[32m.[39m[32m.[39m[32m.[39m[32m.[39m[32m.[39m[32m.[39m[32m.[39m[32m.[39m[32m.[39m[32m.[39m[32m.[39m[32m.[39m[32m.[39m[32m.[39m[32m.[39m[32m.[39m[32m.[39m[32m.[39m[32m.[39m[32m.[39m[32m.[39m[32m.[39m
[1m[31mpanic[39m[22m [90mtest/repo_test.gleam:163[39m
[36m test[39m: repo_test.detect_language_with_go_mod_test
[36m info[39m: Expected Go, got: Gleam

[1m[31mpanic[39m[22m [90mtest/repo_test.gleam:193[39m
[36m test[39m: repo_test.detect_language_with_cargo_toml_test
[36m info[39m: Expected Rust, got: Gleam

[1m[31mpanic[39m[22m [90mtest/repo_test.gleam:223[39m
[36m test[39m: repo_test.detect_language_with_pyproject_toml_test
[36m info[39m: Expected Python, got: Gleam

[1m[31mpanic[39m[22m [90mtest/repo_test.gleam:247[39m
[36m test[39m: repo_test.detect_language_empty_directory_test
[36m info[39m: Expected error for empty directory
[32m.[39m
[1m[31mpanic[39m[22m [90mtest/repo_test.gleam:311[39m
[36m test[39m: repo_test.detect_language_priority_go_over_rust_test
[36m info[39m: Expected Go priority, got: Gleam

[1m[31mpanic[39m[22m [90mtest/repo_test.gleam:349[39m
[36m test[39m: repo_test.detect_language_priority_rust_over_python_test
[36m info[39m: Expected Rust priority, got: Gleam

[1m[31mpanic[39m[22m [90msrc/gleeunit/should.gleam:42[39m
[36m test[39m: repo_test.detect_language_nonexistent_directory_test
[36m info[39m: 
Ok(Gleam)
should be error

[1m[31mpanic[39m[22m [90mtest/repo_test.gleam:386[39m
[36m test[39m: repo_test.detect_language_missing_all_files_test
[36m info[39m: Expected error when no config files exist
[32m.[39m[32m.[39m[32m.[39m[32m.[39m[32m.[39m[32m.[39m[32m.[39m[32m.[39m[32m.[39m[32m.[39m[32m.[39m[32m.[39m[32m.[39m[32m.[39m[32m.[39m[32m.[39m[32m.[39m[32m.[39m
[1m[31mpanic[39m[22m [90msrc/gleeunit/should.gleam:35[39m
[36m test[39m: stages_test.execute_gleam_unit_test_test
[36m info[39m: 
Error("Gleam: Tests failed")
should be ok
[32m.[39m[32m.[39m
[1m[31mpanic[39m[22m [90msrc/gleeunit/should.gleam:35[39m
[36m test[39m: stages_test.execute_gleam_static_test
[36m info[39m: 
Error("Gleam: Type checking failed")
should be ok

[1m[31mpanic[39m[22m [90msrc/gleeunit/should.gleam:35[39m
[36m test[39m: stages_test.execute_gleam_integration_test
[36m info[39m: 
Error("Gleam: Integration tests failed")
should be ok

[1m[31mpanic[39m[22m [90msrc/gleeunit/should.gleam:35[39m
[36m test[39m: stages_test.execute_gleam_security_test
[36m info[39m: 
Error("Gleam: Dependency resolution failed")
should be ok
[32m.[39m
[1m[31mpanic[39m[22m [90msrc/gleeunit/should.gleam:35[39m
[36m test[39m: stages_test.execute_gleam_accept_test
[36m info[39m: 
Error("Gleam: Code does not compile")
should be ok
[32m.[39m[32m.[39m[32m.[39m[32m.[39m[31m
811 passed, 22 failures[39m
